Archive member included to satisfy reference by file (symbol)

C:/ST/STM32CubeIDE_1.12.1/STM32CubeIDE/plugins/com.st.stm32cube.ide.mcu.externaltools.gnu-tools-for-stm32.11.3.rel1.win32_1.1.0.202305231506/tools/bin/../lib/gcc/arm-none-eabi/11.3.1/../../../../arm-none-eabi/lib/thumb/v7e-m+fp/hard\libc_nano.a(libc_a-exit.o)
                              C:/ST/STM32CubeIDE_1.12.1/STM32CubeIDE/plugins/com.st.stm32cube.ide.mcu.externaltools.gnu-tools-for-stm32.11.3.rel1.win32_1.1.0.202305231506/tools/bin/../lib/gcc/arm-none-eabi/11.3.1/../../../../arm-none-eabi/lib/thumb/v7e-m+fp/hard/crt0.o (exit)
C:/ST/STM32CubeIDE_1.12.1/STM32CubeIDE/plugins/com.st.stm32cube.ide.mcu.externaltools.gnu-tools-for-stm32.11.3.rel1.win32_1.1.0.202305231506/tools/bin/../lib/gcc/arm-none-eabi/11.3.1/../../../../arm-none-eabi/lib/thumb/v7e-m+fp/hard\libc_nano.a(libc_a-findfp.o)
                              C:/ST/STM32CubeIDE_1.12.1/STM32CubeIDE/plugins/com.st.stm32cube.ide.mcu.externaltools.gnu-tools-for-stm32.11.3.rel1.win32_1.1.0.202305231506/tools/bin/../lib/gcc/arm-none-eabi/11.3.1/../../../../arm-none-eabi/lib/thumb/v7e-m+fp/hard\libc_nano.a(libc_a-exit.o) (__stdio_exit_handler)
C:/ST/STM32CubeIDE_1.12.1/STM32CubeIDE/plugins/com.st.stm32cube.ide.mcu.externaltools.gnu-tools-for-stm32.11.3.rel1.win32_1.1.0.202305231506/tools/bin/../lib/gcc/arm-none-eabi/11.3.1/../../../../arm-none-eabi/lib/thumb/v7e-m+fp/hard\libc_nano.a(libc_a-fwalk.o)
                              C:/ST/STM32CubeIDE_1.12.1/STM32CubeIDE/plugins/com.st.stm32cube.ide.mcu.externaltools.gnu-tools-for-stm32.11.3.rel1.win32_1.1.0.202305231506/tools/bin/../lib/gcc/arm-none-eabi/11.3.1/../../../../arm-none-eabi/lib/thumb/v7e-m+fp/hard\libc_nano.a(libc_a-findfp.o) (_fwalk_sglue)
C:/ST/STM32CubeIDE_1.12.1/STM32CubeIDE/plugins/com.st.stm32cube.ide.mcu.externaltools.gnu-tools-for-stm32.11.3.rel1.win32_1.1.0.202305231506/tools/bin/../lib/gcc/arm-none-eabi/11.3.1/../../../../arm-none-eabi/lib/thumb/v7e-m+fp/hard\libc_nano.a(libc_a-stdio.o)
                              C:/ST/STM32CubeIDE_1.12.1/STM32CubeIDE/plugins/com.st.stm32cube.ide.mcu.externaltools.gnu-tools-for-stm32.11.3.rel1.win32_1.1.0.202305231506/tools/bin/../lib/gcc/arm-none-eabi/11.3.1/../../../../arm-none-eabi/lib/thumb/v7e-m+fp/hard\libc_nano.a(libc_a-findfp.o) (__sread)
C:/ST/STM32CubeIDE_1.12.1/STM32CubeIDE/plugins/com.st.stm32cube.ide.mcu.externaltools.gnu-tools-for-stm32.11.3.rel1.win32_1.1.0.202305231506/tools/bin/../lib/gcc/arm-none-eabi/11.3.1/../../../../arm-none-eabi/lib/thumb/v7e-m+fp/hard\libc_nano.a(libc_a-memset.o)
                              C:/ST/STM32CubeIDE_1.12.1/STM32CubeIDE/plugins/com.st.stm32cube.ide.mcu.externaltools.gnu-tools-for-stm32.11.3.rel1.win32_1.1.0.202305231506/tools/bin/../lib/gcc/arm-none-eabi/11.3.1/../../../../arm-none-eabi/lib/thumb/v7e-m+fp/hard/crt0.o (memset)
C:/ST/STM32CubeIDE_1.12.1/STM32CubeIDE/plugins/com.st.stm32cube.ide.mcu.externaltools.gnu-tools-for-stm32.11.3.rel1.win32_1.1.0.202305231506/tools/bin/../lib/gcc/arm-none-eabi/11.3.1/../../../../arm-none-eabi/lib/thumb/v7e-m+fp/hard\libc_nano.a(libc_a-closer.o)
                              C:/ST/STM32CubeIDE_1.12.1/STM32CubeIDE/plugins/com.st.stm32cube.ide.mcu.externaltools.gnu-tools-for-stm32.11.3.rel1.win32_1.1.0.202305231506/tools/bin/../lib/gcc/arm-none-eabi/11.3.1/../../../../arm-none-eabi/lib/thumb/v7e-m+fp/hard\libc_nano.a(libc_a-stdio.o) (_close_r)
C:/ST/STM32CubeIDE_1.12.1/STM32CubeIDE/plugins/com.st.stm32cube.ide.mcu.externaltools.gnu-tools-for-stm32.11.3.rel1.win32_1.1.0.202305231506/tools/bin/../lib/gcc/arm-none-eabi/11.3.1/../../../../arm-none-eabi/lib/thumb/v7e-m+fp/hard\libc_nano.a(libc_a-reent.o)
                              C:/ST/STM32CubeIDE_1.12.1/STM32CubeIDE/plugins/com.st.stm32cube.ide.mcu.externaltools.gnu-tools-for-stm32.11.3.rel1.win32_1.1.0.202305231506/tools/bin/../lib/gcc/arm-none-eabi/11.3.1/../../../../arm-none-eabi/lib/thumb/v7e-m+fp/hard\libc_nano.a(libc_a-closer.o) (errno)
C:/ST/STM32CubeIDE_1.12.1/STM32CubeIDE/plugins/com.st.stm32cube.ide.mcu.externaltools.gnu-tools-for-stm32.11.3.rel1.win32_1.1.0.202305231506/tools/bin/../lib/gcc/arm-none-eabi/11.3.1/../../../../arm-none-eabi/lib/thumb/v7e-m+fp/hard\libc_nano.a(libc_a-impure.o)
                              C:/ST/STM32CubeIDE_1.12.1/STM32CubeIDE/plugins/com.st.stm32cube.ide.mcu.externaltools.gnu-tools-for-stm32.11.3.rel1.win32_1.1.0.202305231506/tools/bin/../lib/gcc/arm-none-eabi/11.3.1/../../../../arm-none-eabi/lib/thumb/v7e-m+fp/hard\libc_nano.a(libc_a-reent.o) (_impure_ptr)
C:/ST/STM32CubeIDE_1.12.1/STM32CubeIDE/plugins/com.st.stm32cube.ide.mcu.externaltools.gnu-tools-for-stm32.11.3.rel1.win32_1.1.0.202305231506/tools/bin/../lib/gcc/arm-none-eabi/11.3.1/../../../../arm-none-eabi/lib/thumb/v7e-m+fp/hard\libc_nano.a(libc_a-lseekr.o)
[...]
Memory Configuration

Name             Origin             Length             Attributes
CCMRAM           0x0000000010000000 0x0000000000010000 xrw
RAM              0x0000000020000000 0x0000000000020000 xrw
FLASH            0x0000000008000000 0x0000000000100000 xr
*default*        0x0000000000000000 0xffffffffffffffff

Linker script and memory map

LOAD C:/ST/STM32CubeIDE_1.12.1/STM32CubeIDE/plugins/com.st.stm32cube.ide.mcu.externaltools.gnu-tools-for-stm32.11.3.rel1.win32_1.1.0.202305231506/tools/bin/../lib/gcc/arm-none-eabi/11.3.1/thumb/v7e-m+fp/hard/crti.o
LOAD C:/ST/STM32CubeIDE_1.12.1/STM32CubeIDE/plugins/com.st.stm32cube.ide.mcu.externaltools.gnu-tools-for-stm32.11.3.rel1.win32_1.1.0.202305231506/tools/bin/../lib/gcc/arm-none-eabi/11.3.1/thumb/v7e-m+fp/hard/crtbegin.o
LOAD C:/ST/STM32CubeIDE_1.12.1/STM32CubeIDE/plugins/com.st.stm32cube.ide.mcu.externaltools.gnu-tools-for-stm32.11.3.rel1.win32_1.1.0.202305231506/tools/bin/../lib/gcc/arm-none-eabi/11.3.1/../../../../arm-none-eabi/lib/thumb/v7e-m+fp/hard/crt0.o
LOAD ./Core/Src/main.o
LOAD ./Core/Src/stm32f4xx_hal_msp.o
LOAD ./Core/Src/stm32f4xx_it.o
LOAD ./Core/Src/syscalls.o
LOAD ./Core/Src/sysmem.o
LOAD ./Core/Src/system_stm32f4xx.o
LOAD ./Core/Startup/startup_stm32f407vgtx.o
LOAD ./Drivers/STM32F4xx_HAL_Driver/Src/stm32f4xx_hal.o
LOAD ./Drivers/STM32F4xx_HAL_Driver/Src/stm32f4xx_hal_adc.o
LOAD ./Drivers/STM32F4xx_HAL_Driver/Src/stm32f4xx_hal_adc_ex.o
LOAD ./Drivers/STM32F4xx_HAL_Driver/Src/stm32f4xx_hal_cortex.o
LOAD ./Drivers/STM32F4xx_HAL_Driver/Src/stm32f4xx_hal_dma.o
LOAD ./Drivers/STM32F4xx_HAL_Driver/Src/stm32f4xx_hal_dma_ex.o
LOAD ./Drivers/STM32F4xx_HAL_Driver/Src/stm32f4xx_hal_exti.o
LOAD ./Drivers/STM32F4xx_HAL_Driver/Src/stm32f4xx_hal_flash.o
LOAD ./Drivers/STM32F4xx_HAL_Driver/Src/stm32f4xx_hal_flash_ex.o
LOAD ./Drivers/STM32F4xx_HAL_Driver/Src/stm32f4xx_hal_flash_ramfunc.o
LOAD ./Drivers/STM32F4xx_HAL_Driver/Src/stm32f4xx_hal_gpio.o
LOAD ./Drivers/STM32F4xx_HAL_Driver/Src/stm32f4xx_hal_pcd.o
LOAD ./Drivers/STM32F4xx_HAL_Driver/Src/stm32f4xx_hal_pcd_ex.o
LOAD ./Drivers/STM32F4xx_HAL_Driver/Src/stm32f4xx_hal_pwr.o
LOAD ./Drivers/STM32F4xx_HAL_Driver/Src/stm32f4xx_hal_pwr_ex.o
LOAD ./Drivers/STM32F4xx_HAL_Driver/Src/stm32f4xx_hal_rcc.o
LOAD ./Drivers/STM32F4xx_HAL_Driver/Src/stm32f4xx_hal_rcc_ex.o
LOAD ./Drivers/STM32F4xx_HAL_Driver/Src/stm32f4xx_hal_tim.o
LOAD ./Drivers/STM32F4xx_HAL_Driver/Src/stm32f4xx_hal_tim_ex.o
LOAD ./Drivers/STM32F4xx_HAL_Driver/Src/stm32f4xx_ll_adc.o
LOAD ./Drivers/STM32F4xx_HAL_Driver/Src/stm32f4xx_ll_usb.o
LOAD ./Middlewares/ST/STM32_USB_Device_Library/Class/CDC/Src/usbd_cdc.o
LOAD ./Middlewares/ST/STM32_USB_Device_Library/Core/Src/usbd_core.o
LOAD ./Middlewares/ST/STM32_USB_Device_Library/Core/Src/usbd_ctlreq.o
LOAD ./Middlewares/ST/STM32_USB_Device_Library/Core/Src/usbd_ioreq.o
LOAD ./USB_DEVICE/App/usb_device.o
LOAD ./USB_DEVICE/App/usbd_cdc_if.o
LOAD ./USB_DEVICE/App/usbd_desc.o
LOAD ./USB_DEVICE/Target/usbd_conf.o
START GROUP
LOAD C:/ST/STM32CubeIDE_1.12.1/STM32CubeIDE/plugins/com.st.stm32cube.ide.mcu.externaltools.gnu-tools-for-stm32.11.3.rel1.win32_1.1.0.202305231506/tools/bin/../lib/gcc/arm-none-eabi/11.3.1/../../../../arm-none-eabi/lib/thumb/v7e-m+fp/hard\libc_nano.a
LOAD C:/ST/STM32CubeIDE_1.12.1/STM32CubeIDE/plugins/com.st.stm32cube.ide.mcu.externaltools.gnu-tools-for-stm32.11.3.rel1.win32_1.1.0.202305231506/tools/bin/../lib/gcc/arm-none-eabi/11.3.1/../../../../arm-none-eabi/lib/thumb/v7e-m+fp/hard\libm.a
END GROUP
START GROUP
LOAD C:/ST/STM32CubeIDE_1.12.1/STM32CubeIDE/plugins/com.st.stm32cube.ide.mcu.externaltools.gnu-tools-for-stm32.11.3.rel1.win32_1.1.0.202305231506/tools/bin/../lib/gcc/arm-none-eabi/11.3.1/thumb/v7e-m+fp/hard\libgcc.a
LOAD C:/ST/STM32CubeIDE_1.12.1/STM32CubeIDE/plugins/com.st.stm32cube.ide.mcu.externaltools.gnu-tools-for-stm32.11.3.rel1.win32_1.1.0.202305231506/tools/bin/../lib/gcc/arm-none-eabi/11.3.1/../../../../arm-none-eabi/lib/thumb/v7e-m+fp/hard\libc_nano.a
END GROUP
START GROUP
LOAD C:/ST/STM32CubeIDE_1.12.1/STM32CubeIDE/plugins/com.st.stm32cube.ide.mcu.externaltools.gnu-tools-for-stm32.11.3.rel1.win32_1.1.0.202305231506/tools/bin/../lib/gcc/arm-none-eabi/11.3.1/thumb/v7e-m+fp/hard\libgcc.a
LOAD C:/ST/STM32CubeIDE_1.12.1/STM32CubeIDE/plugins/com.st.stm32cube.ide.mcu.externaltools.gnu-tools-for-stm32.11.3.rel1.win32_1.1.0.202305231506/tools/bin/../lib/gcc/arm-none-eabi/11.3.1/../../../../arm-none-eabi/lib/thumb/v7e-m+fp/hard\libc_nano.a
LOAD C:/ST/STM32CubeIDE_1.12.1/STM32CubeIDE/plugins/com.st.stm32cube.ide.mcu.externaltools.gnu-tools-for-stm32.11.3.rel1.win32_1.1.0.202305231506/tools/bin/../lib/gcc/arm-none-eabi/11.3.1/../../../../arm-none-eabi/lib/thumb/v7e-m+fp/hard\libnosys.a
END GROUP
START GROUP
LOAD C:/ST/STM32CubeIDE_1.12.1/STM32CubeIDE/plugins/com.st.stm32cube.ide.mcu.externaltools.gnu-tools-for-stm32.11.3.rel1.win32_1.1.0.202305231506/tools/bin/../lib/gcc/arm-none-eabi/11.3.1/thumb/v7e-m+fp/hard\libgcc.a
LOAD C:/ST/STM32CubeIDE_1.12.1/STM32CubeIDE/plugins/com.st.stm32cube.ide.mcu.externaltools.gnu-tools-for-stm32.11.3.rel1.win32_1.1.0.202305231506/tools/bin/../lib/gcc/arm-none-eabi/11.3.1/../../../../arm-none-eabi/lib/thumb/v7e-m+fp/hard\libc_nano.a
LOAD C:/ST/STM32CubeIDE_1.12.1/STM32CubeIDE/plugins/com.st.stm32cube.ide.mcu.externaltools.gnu-tools-for-stm32.11.3.rel1.win32_1.1.0.202305231506/tools/bin/../lib/gcc/arm-none-eabi/11.3.1/../../../../arm-none-eabi/lib/thumb/v7e-m+fp/hard\libnosys.a
END GROUP
LOAD C:/ST/STM32CubeIDE_1.12.1/STM32CubeIDE/plugins/com.st.stm32cube.ide.mcu.externaltools.gnu-tools-for-stm32.11.3.rel1.win32_1.1.0.202305231506/tools/bin/../lib/gcc/arm-none-eabi/11.3.1/thumb/v7e-m+fp/hard/crtend.o
LOAD C:/ST/STM32CubeIDE_1.12.1/STM32CubeIDE/plugins/com.st.stm32cube.ide.mcu.externaltools.gnu-tools-for-stm32.11.3.rel1.win32_1.1.0.202305231506/tools/bin/../lib/gcc/arm-none-eabi/11.3.1/thumb/v7e-m+fp/hard/crtn.o
                0x0000000020020000                _estack = (ORIGIN (RAM) + LENGTH (RAM))
                0x0000000000000200                _Min_Heap_Size = 0x200
                0x0000000000000400                _Min_Stack_Size = 0x400

.isr_vector     0x0000000008000000      0x188
                0x0000000008000000                . = ALIGN (0x4)
 *(.isr_vector)
 .isr_vector    0x0000000008000000      0x188 ./Core/Startup/startup_stm32f407vgtx.o
                0x0000000008000000                g_pfnVectors
                0x0000000008000188                . = ALIGN (0x4)

.text           0x0000000008000188     0x7f20
                0x0000000008000188                . = ALIGN (0x4)
 *(.text)
 .text          0x0000000008000188       0x40 C:/ST/STM32CubeIDE_1.12.1/STM32CubeIDE/plugins/com.st.stm32cube.ide.mcu.externaltools.gnu-tools-for-stm32.11.3.rel1.win32_1.1.0.202305231506/tools/bin/../lib/gcc/arm-none-eabi/11.3.1/thumb/v7e-m+fp/hard/crtbegin.o
 .text          0x00000000080001c8       0x30 C:/ST/STM32CubeIDE_1.12.1/STM32CubeIDE/plugins/com.st.stm32cube.ide.mcu.externaltools.gnu-tools-for-stm32.11.3.rel1.win32_1.1.0.202305231506/tools/bin/../lib/gcc/arm-none-eabi/11.3.1/thumb/v7e-m+fp/hard\libgcc.a(_aeabi_uldivmod.o)
                0x00000000080001c8                __aeabi_uldivmod
 .text          0x00000000080001f8      0x2c8 C:/ST/STM32CubeIDE_1.12.1/STM32CubeIDE/plugins/com.st.stm32cube.ide.mcu.externaltools.gnu-tools-for-stm32.11.3.rel1.win32_1.1.0.202305231506/tools/bin/../lib/gcc/arm-none-eabi/11.3.1/thumb/v7e-m+fp/hard\libgcc.a(_udivmoddi4.o)
                0x00000000080001f8                __udivmoddi4
 .text          0x00000000080004c0        0x4 C:/ST/STM32CubeIDE_1.12.1/STM32CubeIDE/plugins/com.st.stm32cube.ide.mcu.externaltools.gnu-tools-for-stm32.11.3.rel1.win32_1.1.0.202305231506/tools/bin/../lib/gcc/arm-none-eabi/11.3.1/thumb/v7e-m+fp/hard\libgcc.a(_dvmd_tls.o)
                0x00000000080004c0                __aeabi_idiv0
                0x00000000080004c0                __aeabi_ldiv0
 *(.text*)
 .text.HAL_ADC_ConvCpltCallback
                0x00000000080004c4       0x28 ./Core/Src/main.o
                0x00000000080004c4                HAL_ADC_ConvCpltCallback
 .text.main     0x00000000080004ec      0x134 ./Core/Src/main.o
                0x00000000080004ec                main
 .text.SystemClock_Config
                0x0000000008000620       0xd4 ./Core/Src/main.o
                0x0000000008000620                SystemClock_Config
 .text.MX_ADC1_Init
                0x00000000080006f4       0xa4 ./Core/Src/main.o
 .text.MX_DMA_Init
                0x0000000008000798       0x40 ./Core/Src/main.o
 .text.MX_GPIO_Init
                0x00000000080007d8       0x6c ./Core/Src/main.o
 .text.Error_Handler
                0x0000000008000844        0xa ./Core/Src/main.o
                0x0000000008000844                Error_Handler
 *fill*         0x000000000800084e        0x2 
 .text.HAL_MspInit
                0x0000000008000850       0x50 ./Core/Src/stm32f4xx_hal_msp.o
                0x0000000008000850                HAL_MspInit
 .text.HAL_ADC_MspInit
                0x00000000080008a0       0xf0 ./Core/Src/stm32f4xx_hal_msp.o
                0x00000000080008a0                HAL_ADC_MspInit
 .text.NMI_Handler
                0x0000000008000990        0x6 ./Core/Src/stm32f4xx_it.o
                0x0000000008000990                NMI_Handler
 .text.HardFault_Handler
                0x0000000008000996        0x6 ./Core/Src/stm32f4xx_it.o
                0x0000000008000996                HardFault_Handler
 .text.MemManage_Handler
                0x000000000800099c        0x6 ./Core/Src/stm32f4xx_it.o
                0x000000000800099c                MemManage_Handler
 .text.BusFault_Handler
                0x00000000080009a2        0x6 ./Core/Src/stm32f4xx_it.o
                0x00000000080009a2                BusFault_Handler
 .text.UsageFault_Handler
                0x00000000080009a8        0x6 ./Core/Src/stm32f4xx_it.o
                0x00000000080009a8                UsageFault_Handler
 .text.SVC_Handler
                0x00000000080009ae        0xe ./Core/Src/stm32f4xx_it.o
                0x00000000080009ae                SVC_Handler
 .text.DebugMon_Handler
                0x00000000080009bc        0xe ./Core/Src/stm32f4xx_it.o
                0x00000000080009bc                DebugMon_Handler
 .text.PendSV_Handler
                0x00000000080009ca        0xe ./Core/Src/stm32f4xx_it.o
                0x00000000080009ca                PendSV_Handler
 .text.SysTick_Handler
                0x00000000080009d8        0xc ./Core/Src/stm32f4xx_it.o
                0x00000000080009d8                SysTick_Handler
 .text.DMA2_Stream0_IRQHandler
                0x00000000080009e4       0x14 ./Core/Src/stm32f4xx_it.o
                0x00000000080009e4                DMA2_Stream0_IRQHandler
 .text.OTG_FS_IRQHandler
                0x00000000080009f8       0x14 ./Core/Src/stm32f4xx_it.o
                0x00000000080009f8                OTG_FS_IRQHandler
 .text.SystemInit
                0x0000000008000a0c       0x24 ./Core/Src/system_stm32f4xx.o
                0x0000000008000a0c                SystemInit
 .text.Reset_Handler
                0x0000000008000a30       0x50 ./Core/Startup/startup_stm32f407vgtx.o
                0x0000000008000a30                Reset_Handler
 .text.Default_Handler
                0x0000000008000a80        0x2 ./Core/Startup/startup_stm32f407vgtx.o
                0x0000000008000a80                RTC_Alarm_IRQHandler
                0x0000000008000a80                HASH_RNG_IRQHandler
                0x0000000008000a80                EXTI2_IRQHandler
                0x0000000008000a80                TIM8_CC_IRQHandler
                0x0000000008000a80                TIM1_CC_IRQHandler
                0x0000000008000a80                DMA2_Stream5_IRQHandler
                0x0000000008000a80                DMA1_Stream5_IRQHandler
                0x0000000008000a80                PVD_IRQHandler
                0x0000000008000a80                SDIO_IRQHandler
                0x0000000008000a80                TAMP_STAMP_IRQHandler
                0x0000000008000a80                CAN2_RX1_IRQHandler
                0x0000000008000a80                EXTI3_IRQHandler
                0x0000000008000a80                TIM8_TRG_COM_TIM14_IRQHandler
                0x0000000008000a80                TIM1_UP_TIM10_IRQHandler
                0x0000000008000a80                TIM8_UP_TIM13_IRQHandler
                0x0000000008000a80                I2C3_ER_IRQHandler
                0x0000000008000a80                EXTI0_IRQHandler
                0x0000000008000a80                I2C2_EV_IRQHandler
                0x0000000008000a80                DMA1_Stream2_IRQHandler
                0x0000000008000a80                CAN1_RX0_IRQHandler
                0x0000000008000a80                FPU_IRQHandler
                0x0000000008000a80                OTG_HS_WKUP_IRQHandler
                0x0000000008000a80                CAN2_SCE_IRQHandler
                0x0000000008000a80                DMA2_Stream2_IRQHandler
                0x0000000008000a80                SPI1_IRQHandler
                0x0000000008000a80                TIM6_DAC_IRQHandler
                0x0000000008000a80                TIM1_BRK_TIM9_IRQHandler
                0x0000000008000a80                DCMI_IRQHandler
                0x0000000008000a80                CAN2_RX0_IRQHandler
                0x0000000008000a80                DMA2_Stream3_IRQHandler
                0x0000000008000a80                USART6_IRQHandler
                0x0000000008000a80                USART3_IRQHandler
                0x0000000008000a80                CAN1_RX1_IRQHandler
                0x0000000008000a80                UART5_IRQHandler
                0x0000000008000a80                TIM4_IRQHandler
                0x0000000008000a80                I2C1_EV_IRQHandler
                0x0000000008000a80                DMA1_Stream6_IRQHandler
                0x0000000008000a80                DMA1_Stream1_IRQHandler
                0x0000000008000a80                UART4_IRQHandler
                0x0000000008000a80                TIM3_IRQHandler
                0x0000000008000a80                RCC_IRQHandler
                0x0000000008000a80                TIM8_BRK_TIM12_IRQHandler
                0x0000000008000a80                Default_Handler
                0x0000000008000a80                EXTI15_10_IRQHandler
                0x0000000008000a80                ADC_IRQHandler
                0x0000000008000a80                DMA1_Stream7_IRQHandler
                0x0000000008000a80                TIM7_IRQHandler
                0x0000000008000a80                CAN2_TX_IRQHandler
                0x0000000008000a80                TIM5_IRQHandler
                0x0000000008000a80                DMA2_Stream7_IRQHandler
                0x0000000008000a80                I2C3_EV_IRQHandler
                0x0000000008000a80                EXTI9_5_IRQHandler
                0x0000000008000a80                RTC_WKUP_IRQHandler
                0x0000000008000a80                ETH_WKUP_IRQHandler
                0x0000000008000a80                SPI2_IRQHandler
                0x0000000008000a80                OTG_HS_EP1_IN_IRQHandler
                0x0000000008000a80                DMA1_Stream0_IRQHandler
                0x0000000008000a80                CAN1_TX_IRQHandler
                0x0000000008000a80                EXTI4_IRQHandler
                0x0000000008000a80                FSMC_IRQHandler
                0x0000000008000a80                ETH_IRQHandler
                0x0000000008000a80                OTG_HS_EP1_OUT_IRQHandler
                0x0000000008000a80                WWDG_IRQHandler
                0x0000000008000a80                TIM2_IRQHandler
                0x0000000008000a80                OTG_FS_WKUP_IRQHandler
                0x0000000008000a80                TIM1_TRG_COM_TIM11_IRQHandler
                0x0000000008000a80                OTG_HS_IRQHandler
                0x0000000008000a80                EXTI1_IRQHandler
                0x0000000008000a80                USART2_IRQHandler
                0x0000000008000a80                I2C2_ER_IRQHandler
                0x0000000008000a80                DMA2_Stream1_IRQHandler
                0x0000000008000a80                CAN1_SCE_IRQHandler
                0x0000000008000a80                FLASH_IRQHandler
                0x0000000008000a80                DMA2_Stream4_IRQHandler
                0x0000000008000a80                USART1_IRQHandler
                0x0000000008000a80                SPI3_IRQHandler
                0x0000000008000a80                DMA1_Stream4_IRQHandler
                0x0000000008000a80                I2C1_ER_IRQHandler
                0x0000000008000a80                DMA2_Stream6_IRQHandler
                0x0000000008000a80                DMA1_Stream3_IRQHandler
 *fill*         0x0000000008000a82        0x2 
 .text.HAL_Init
                0x0000000008000a84       0x44 ./Drivers/STM32F4xx_HAL_Driver/Src/stm32f4xx_hal.o
                0x0000000008000a84                HAL_Init
 .text.HAL_InitTick
                0x0000000008000ac8       0x60 ./Drivers/STM32F4xx_HAL_Driver/Src/stm32f4xx_hal.o
                0x0000000008000ac8                HAL_InitTick
 .text.HAL_IncTick
                0x0000000008000b28       0x28 ./Drivers/STM32F4xx_HAL_Driver/Src/stm32f4xx_hal.o
                0x0000000008000b28                HAL_IncTick
 .text.HAL_GetTick
                0x0000000008000b50       0x18 ./Drivers/STM32F4xx_HAL_Driver/Src/stm32f4xx_hal.o
                0x0000000008000b50                HAL_GetTick
 .text.HAL_Delay
                0x0000000008000b68       0x48 ./Drivers/STM32F4xx_HAL_Driver/Src/stm32f4xx_hal.o
                0x0000000008000b68                HAL_Delay
 .text.HAL_ADC_Init
                0x0000000008000bb0       0x86 ./Drivers/STM32F4xx_HAL_Driver/Src/stm32f4xx_hal_adc.o
                0x0000000008000bb0                HAL_ADC_Init
 *fill*         0x0000000008000c36        0x2 
 .text.HAL_ADC_Start_DMA
                0x0000000008000c38      0x220 ./Drivers/STM32F4xx_HAL_Driver/Src/stm32f4xx_hal_adc.o
                0x0000000008000c38                HAL_ADC_Start_DMA
 .text.HAL_ADC_ConvHalfCpltCallback
                0x0000000008000e58       0x14 ./Drivers/STM32F4xx_HAL_Driver/Src/stm32f4xx_hal_adc.o
                0x0000000008000e58                HAL_ADC_ConvHalfCpltCallback
 .text.HAL_ADC_ErrorCallback
                0x0000000008000e6c       0x14 ./Drivers/STM32F4xx_HAL_Driver/Src/stm32f4xx_hal_adc.o
                0x0000000008000e6c                HAL_ADC_ErrorCallback
 .text.HAL_ADC_ConfigChannel
                0x0000000008000e80      0x244 ./Drivers/STM32F4xx_HAL_Driver/Src/stm32f4xx_hal_adc.o
                0x0000000008000e80                HAL_ADC_ConfigChannel
 .text.ADC_Init
                0x00000000080010c4      0x1f8 ./Drivers/STM32F4xx_HAL_Driver/Src/stm32f4xx_hal_adc.o
 .text.ADC_DMAConvCplt
                0x00000000080012bc       0xba ./Drivers/STM32F4xx_HAL_Driver/Src/stm32f4xx_hal_adc.o
 .text.ADC_DMAHalfConvCplt
                0x0000000008001376       0x1c ./Drivers/STM32F4xx_HAL_Driver/Src/stm32f4xx_hal_adc.o
 .text.ADC_DMAError
                0x0000000008001392       0x2e ./Drivers/STM32F4xx_HAL_Driver/Src/stm32f4xx_hal_adc.o
 .text.__NVIC_SetPriorityGrouping
                0x00000000080013c0       0x48 ./Drivers/STM32F4xx_HAL_Driver/Src/stm32f4xx_hal_cortex.o
 .text.__NVIC_GetPriorityGrouping
                0x0000000008001408       0x1c ./Drivers/STM32F4xx_HAL_Driver/Src/stm32f4xx_hal_cortex.o
 .text.__NVIC_EnableIRQ
                0x0000000008001424       0x3c ./Drivers/STM32F4xx_HAL_Driver/Src/stm32f4xx_hal_cortex.o
 .text.__NVIC_SetPriority
                0x0000000008001460       0x54 ./Drivers/STM32F4xx_HAL_Driver/Src/stm32f4xx_hal_cortex.o
 .text.NVIC_EncodePriority
                0x00000000080014b4       0x66 ./Drivers/STM32F4xx_HAL_Driver/Src/stm32f4xx_hal_cortex.o
 *fill*         0x000000000800151a        0x2 
 .text.SysTick_Config
                0x000000000800151c       0x44 ./Drivers/STM32F4xx_HAL_Driver/Src/stm32f4xx_hal_cortex.o
 .text.HAL_NVIC_SetPriorityGrouping
                0x0000000008001560       0x16 ./Drivers/STM32F4xx_HAL_Driver/Src/stm32f4xx_hal_cortex.o
                0x0000000008001560                HAL_NVIC_SetPriorityGrouping
 .text.HAL_NVIC_SetPriority
                0x0000000008001576       0x38 ./Drivers/STM32F4xx_HAL_Driver/Src/stm32f4xx_hal_cortex.o
                0x0000000008001576                HAL_NVIC_SetPriority
 .text.HAL_NVIC_EnableIRQ
                0x00000000080015ae       0x1c ./Drivers/STM32F4xx_HAL_Driver/Src/stm32f4xx_hal_cortex.o
                0x00000000080015ae                HAL_NVIC_EnableIRQ
 .text.HAL_SYSTICK_Config
                0x00000000080015ca       0x18 ./Drivers/STM32F4xx_HAL_Driver/Src/stm32f4xx_hal_cortex.o
                0x00000000080015ca                HAL_SYSTICK_Config
 *fill*         0x00000000080015e2        0x2 
 .text.HAL_DMA_Init
                0x00000000080015e4      0x15c ./Drivers/STM32F4xx_HAL_Driver/Src/stm32f4xx_hal_dma.o
                0x00000000080015e4                HAL_DMA_Init
 .text.HAL_DMA_Start_IT
                0x0000000008001740       0xb0 ./Drivers/STM32F4xx_HAL_Driver/Src/stm32f4xx_hal_dma.o
                0x0000000008001740                HAL_DMA_Start_IT
 .text.HAL_DMA_IRQHandler
                0x00000000080017f0      0x314 ./Drivers/STM32F4xx_HAL_Driver/Src/stm32f4xx_hal_dma.o
                0x00000000080017f0                HAL_DMA_IRQHandler
 .text.DMA_SetConfig
                0x0000000008001b04       0x5c ./Drivers/STM32F4xx_HAL_Driver/Src/stm32f4xx_hal_dma.o
 .text.DMA_CalcBaseAndBitshift
                0x0000000008001b60       0x6c ./Drivers/STM32F4xx_HAL_Driver/Src/stm32f4xx_hal_dma.o
 .text.DMA_CheckFifoParam
                0x0000000008001bcc       0xf8 ./Drivers/STM32F4xx_HAL_Driver/Src/stm32f4xx_hal_dma.o
 .text.HAL_GPIO_Init
                0x0000000008001cc4      0x338 ./Drivers/STM32F4xx_HAL_Driver/Src/stm32f4xx_hal_gpio.o
                0x0000000008001cc4                HAL_GPIO_Init
 .text.HAL_PCD_Init
                0x0000000008001ffc      0x23a ./Drivers/STM32F4xx_HAL_Driver/Src/stm32f4xx_hal_pcd.o
                0x0000000008001ffc                HAL_PCD_Init
 .text.HAL_PCD_Start
                0x0000000008002236       0x66 ./Drivers/STM32F4xx_HAL_Driver/Src/stm32f4xx_hal_pcd.o
                0x0000000008002236                HAL_PCD_Start
 .text.HAL_PCD_IRQHandler
                0x000000000800229c      0x93e ./Drivers/STM32F4xx_HAL_Driver/Src/stm32f4xx_hal_pcd.o
                0x000000000800229c                HAL_PCD_IRQHandler
 .text.HAL_PCD_SetAddress
                0x0000000008002bda       0x4a ./Drivers/STM32F4xx_HAL_Driver/Src/stm32f4xx_hal_pcd.o
                0x0000000008002bda                HAL_PCD_SetAddress
 .text.HAL_PCD_EP_Open
                0x0000000008002c24       0xd0 ./Drivers/STM32F4xx_HAL_Driver/Src/stm32f4xx_hal_pcd.o
                0x0000000008002c24                HAL_PCD_EP_Open
 .text.HAL_PCD_EP_Close
                0x0000000008002cf4       0x94 ./Drivers/STM32F4xx_HAL_Driver/Src/stm32f4xx_hal_pcd.o
                0x0000000008002cf4                HAL_PCD_EP_Close
 .text.HAL_PCD_EP_Receive
                0x0000000008002d88       0x96 ./Drivers/STM32F4xx_HAL_Driver/Src/stm32f4xx_hal_pcd.o
                0x0000000008002d88                HAL_PCD_EP_Receive
 .text.HAL_PCD_EP_GetRxCount
                0x0000000008002e1e       0x30 ./Drivers/STM32F4xx_HAL_Driver/Src/stm32f4xx_hal_pcd.o
                0x0000000008002e1e                HAL_PCD_EP_GetRxCount
 .text.HAL_PCD_EP_Transmit
                0x0000000008002e4e       0x94 ./Drivers/STM32F4xx_HAL_Driver/Src/stm32f4xx_hal_pcd.o
                0x0000000008002e4e                HAL_PCD_EP_Transmit
 .text.HAL_PCD_EP_SetStall
                0x0000000008002ee2       0xc8 ./Drivers/STM32F4xx_HAL_Driver/Src/stm32f4xx_hal_pcd.o
                0x0000000008002ee2                HAL_PCD_EP_SetStall
 .text.HAL_PCD_EP_ClrStall
                0x0000000008002faa       0xac ./Drivers/STM32F4xx_HAL_Driver/Src/stm32f4xx_hal_pcd.o
                0x0000000008002faa                HAL_PCD_EP_ClrStall
 .text.HAL_PCD_EP_Abort
                0x0000000008003056       0x62 ./Drivers/STM32F4xx_HAL_Driver/Src/stm32f4xx_hal_pcd.o
                0x0000000008003056                HAL_PCD_EP_Abort
 .text.PCD_WriteEmptyTxFifo
                0x00000000080030b8      0x11a ./Drivers/STM32F4xx_HAL_Driver/Src/stm32f4xx_hal_pcd.o
 *fill*         0x00000000080031d2        0x2 
 .text.PCD_EP_OutXfrComplete_int
                0x00000000080031d4      0x1d0 ./Drivers/STM32F4xx_HAL_Driver/Src/stm32f4xx_hal_pcd.o
 .text.PCD_EP_OutSetupPacket_int
                0x00000000080033a4       0x8c ./Drivers/STM32F4xx_HAL_Driver/Src/stm32f4xx_hal_pcd.o
 .text.HAL_PCDEx_SetTxFiFo
                0x0000000008003430       0x8e ./Drivers/STM32F4xx_HAL_Driver/Src/stm32f4xx_hal_pcd_ex.o
                0x0000000008003430                HAL_PCDEx_SetTxFiFo
 .text.HAL_PCDEx_SetRxFiFo
                0x00000000080034be       0x22 ./Drivers/STM32F4xx_HAL_Driver/Src/stm32f4xx_hal_pcd_ex.o
                0x00000000080034be                HAL_PCDEx_SetRxFiFo
 .text.HAL_PCDEx_LPM_Callback
                0x00000000080034e0       0x18 ./Drivers/STM32F4xx_HAL_Driver/Src/stm32f4xx_hal_pcd_ex.o
                0x00000000080034e0                HAL_PCDEx_LPM_Callback
 .text.HAL_RCC_OscConfig
                0x00000000080034f8      0x4f0 ./Drivers/STM32F4xx_HAL_Driver/Src/stm32f4xx_hal_rcc.o
                0x00000000080034f8                HAL_RCC_OscConfig
 .text.HAL_RCC_ClockConfig
                0x00000000080039e8      0x1cc ./Drivers/STM32F4xx_HAL_Driver/Src/stm32f4xx_hal_rcc.o
                0x00000000080039e8                HAL_RCC_ClockConfig
 .text.HAL_RCC_GetSysClockFreq
                0x0000000008003bb4      0x20c ./Drivers/STM32F4xx_HAL_Driver/Src/stm32f4xx_hal_rcc.o
                0x0000000008003bb4                HAL_RCC_GetSysClockFreq
 .text.HAL_RCC_GetHCLKFreq
                0x0000000008003dc0       0x18 ./Drivers/STM32F4xx_HAL_Driver/Src/stm32f4xx_hal_rcc.o
                0x0000000008003dc0                HAL_RCC_GetHCLKFreq
 .text.USB_CoreInit
                0x0000000008003dd8       0xc2 ./Drivers/STM32F4xx_HAL_Driver/Src/stm32f4xx_ll_usb.o
                0x0000000008003dd8                USB_CoreInit
 *fill*         0x0000000008003e9a        0x2 
 .text.USB_SetTurnaroundTime
                0x0000000008003e9c      0x144 ./Drivers/STM32F4xx_HAL_Driver/Src/stm32f4xx_ll_usb.o
                0x0000000008003e9c                USB_SetTurnaroundTime
 .text.USB_EnableGlobalInt
                0x0000000008003fe0       0x22 ./Drivers/STM32F4xx_HAL_Driver/Src/stm32f4xx_ll_usb.o
                0x0000000008003fe0                USB_EnableGlobalInt
 .text.USB_DisableGlobalInt
                0x0000000008004002       0x22 ./Drivers/STM32F4xx_HAL_Driver/Src/stm32f4xx_ll_usb.o
                0x0000000008004002                USB_DisableGlobalInt
 .text.USB_SetCurrentMode
                0x0000000008004024       0x98 ./Drivers/STM32F4xx_HAL_Driver/Src/stm32f4xx_ll_usb.o
                0x0000000008004024                USB_SetCurrentMode
 .text.USB_DevInit
                0x00000000080040bc      0x2c8 ./Drivers/STM32F4xx_HAL_Driver/Src/stm32f4xx_ll_usb.o
                0x00000000080040bc                USB_DevInit
 .text.USB_FlushTxFifo
                0x0000000008004384       0x68 ./Drivers/STM32F4xx_HAL_Driver/Src/stm32f4xx_ll_usb.o
                0x0000000008004384                USB_FlushTxFifo
 .text.USB_FlushRxFifo
                0x00000000080043ec       0x60 ./Drivers/STM32F4xx_HAL_Driver/Src/stm32f4xx_ll_usb.o
                0x00000000080043ec                USB_FlushRxFifo
 .text.USB_SetDevSpeed
                0x000000000800444c       0x32 ./Drivers/STM32F4xx_HAL_Driver/Src/stm32f4xx_ll_usb.o
                0x000000000800444c                USB_SetDevSpeed
 .text.USB_GetDevSpeed
                0x000000000800447e       0x4a ./Drivers/STM32F4xx_HAL_Driver/Src/stm32f4xx_ll_usb.o
                0x000000000800447e                USB_GetDevSpeed
 .text.USB_ActivateEndpoint
                0x00000000080044c8      0x10e ./Drivers/STM32F4xx_HAL_Driver/Src/stm32f4xx_ll_usb.o
                0x00000000080044c8                USB_ActivateEndpoint
 *fill*         0x00000000080045d6        0x2 
 .text.USB_DeactivateEndpoint
                0x00000000080045d8      0x1b8 ./Drivers/STM32F4xx_HAL_Driver/Src/stm32f4xx_ll_usb.o
                0x00000000080045d8                USB_DeactivateEndpoint
 .text.USB_EPStartXfer
                0x0000000008004790      0x490 ./Drivers/STM32F4xx_HAL_Driver/Src/stm32f4xx_ll_usb.o
                0x0000000008004790                USB_EPStartXfer
 .text.USB_EP0StartXfer
                0x0000000008004c20      0x2b0 ./Drivers/STM32F4xx_HAL_Driver/Src/stm32f4xx_ll_usb.o
                0x0000000008004c20                USB_EP0StartXfer
 .text.USB_EPStopXfer
                0x0000000008004ed0      0x154 ./Drivers/STM32F4xx_HAL_Driver/Src/stm32f4xx_ll_usb.o
                0x0000000008004ed0                USB_EPStopXfer
 .text.USB_WritePacket
                0x0000000008005024       0x7c ./Drivers/STM32F4xx_HAL_Driver/Src/stm32f4xx_ll_usb.o
                0x0000000008005024                USB_WritePacket
 .text.USB_ReadPacket
                0x00000000080050a0       0xb0 ./Drivers/STM32F4xx_HAL_Driver/Src/stm32f4xx_ll_usb.o
                0x00000000080050a0                USB_ReadPacket
 .text.USB_EPSetStall
                0x0000000008005150       0xdc ./Drivers/STM32F4xx_HAL_Driver/Src/stm32f4xx_ll_usb.o
                0x0000000008005150                USB_EPSetStall
 .text.USB_EPClearStall
                0x000000000800522c       0xcc ./Drivers/STM32F4xx_HAL_Driver/Src/stm32f4xx_ll_usb.o
                0x000000000800522c                USB_EPClearStall
 .text.USB_SetDevAddress
                0x00000000080052f8       0x4c ./Drivers/STM32F4xx_HAL_Driver/Src/stm32f4xx_ll_usb.o
                0x00000000080052f8                USB_SetDevAddress
 .text.USB_DevConnect
                0x0000000008005344       0x42 ./Drivers/STM32F4xx_HAL_Driver/Src/stm32f4xx_ll_usb.o
                0x0000000008005344                USB_DevConnect
 .text.USB_DevDisconnect
                0x0000000008005386       0x42 ./Drivers/STM32F4xx_HAL_Driver/Src/stm32f4xx_ll_usb.o
                0x0000000008005386                USB_DevDisconnect
 .text.USB_ReadInterrupts
                0x00000000080053c8       0x26 ./Drivers/STM32F4xx_HAL_Driver/Src/stm32f4xx_ll_usb.o
                0x00000000080053c8                USB_ReadInterrupts
 .text.USB_ReadDevAllOutEpInterrupt
                0x00000000080053ee       0x34 ./Drivers/STM32F4xx_HAL_Driver/Src/stm32f4xx_ll_usb.o
                0x00000000080053ee                USB_ReadDevAllOutEpInterrupt
 .text.USB_ReadDevAllInEpInterrupt
                0x0000000008005422       0x34 ./Drivers/STM32F4xx_HAL_Driver/Src/stm32f4xx_ll_usb.o
                0x0000000008005422                USB_ReadDevAllInEpInterrupt
 .text.USB_ReadDevOutEPInterrupt
                0x0000000008005456       0x3c ./Drivers/STM32F4xx_HAL_Driver/Src/stm32f4xx_ll_usb.o
                0x0000000008005456                USB_ReadDevOutEPInterrupt
 .text.USB_ReadDevInEPInterrupt
                0x0000000008005492       0x5c ./Drivers/STM32F4xx_HAL_Driver/Src/stm32f4xx_ll_usb.o
                0x0000000008005492                USB_ReadDevInEPInterrupt
 .text.USB_GetMode
                0x00000000080054ee       0x1c ./Drivers/STM32F4xx_HAL_Driver/Src/stm32f4xx_ll_usb.o
                0x00000000080054ee                USB_GetMode
 .text.USB_ActivateSetup
                0x000000000800550a       0x46 ./Drivers/STM32F4xx_HAL_Driver/Src/stm32f4xx_ll_usb.o
                0x000000000800550a                USB_ActivateSetup
 .text.USB_EP0_OutStart
                0x0000000008005550       0xbc ./Drivers/STM32F4xx_HAL_Driver/Src/stm32f4xx_ll_usb.o
                0x0000000008005550                USB_EP0_OutStart
 .text.USB_CoreReset
                0x000000000800560c       0x68 ./Drivers/STM32F4xx_HAL_Driver/Src/stm32f4xx_ll_usb.o
 .text.USBD_CDC_Init
                0x0000000008005674      0x1f0 ./Middlewares/ST/STM32_USB_Device_Library/Class/CDC/Src/usbd_cdc.o
 .text.USBD_CDC_DeInit
                0x0000000008005864      0x104 ./Middlewares/ST/STM32_USB_Device_Library/Class/CDC/Src/usbd_cdc.o
 .text.USBD_CDC_Setup
                0x0000000008005968      0x1b8 ./Middlewares/ST/STM32_USB_Device_Library/Class/CDC/Src/usbd_cdc.o
 .text.USBD_CDC_DataIn
                0x0000000008005b20       0xfe ./Middlewares/ST/STM32_USB_Device_Library/Class/CDC/Src/usbd_cdc.o
 .text.USBD_CDC_DataOut
                0x0000000008005c1e       0x70 ./Middlewares/ST/STM32_USB_Device_Library/Class/CDC/Src/usbd_cdc.o
 .text.USBD_CDC_EP0_RxReady
                0x0000000008005c8e       0x76 ./Middlewares/ST/STM32_USB_Device_Library/Class/CDC/Src/usbd_cdc.o
 .text.USBD_CDC_GetFSCfgDesc
                0x0000000008005d04       0x70 ./Middlewares/ST/STM32_USB_Device_Library/Class/CDC/Src/usbd_cdc.o
 .text.USBD_CDC_GetHSCfgDesc
                0x0000000008005d74       0x70 ./Middlewares/ST/STM32_USB_Device_Library/Class/CDC/Src/usbd_cdc.o
 .text.USBD_CDC_GetOtherSpeedCfgDesc
                0x0000000008005de4       0x70 ./Middlewares/ST/STM32_USB_Device_Library/Class/CDC/Src/usbd_cdc.o
 .text.USBD_CDC_GetDeviceQualifierDescriptor
                0x0000000008005e54       0x20 ./Middlewares/ST/STM32_USB_Device_Library/Class/CDC/Src/usbd_cdc.o
                0x0000000008005e54                USBD_CDC_GetDeviceQualifierDescriptor
 .text.USBD_CDC_RegisterInterface
                0x0000000008005e74       0x34 ./Middlewares/ST/STM32_USB_Device_Library/Class/CDC/Src/usbd_cdc.o
                0x0000000008005e74                USBD_CDC_RegisterInterface
 .text.USBD_CDC_SetTxBuffer
                0x0000000008005ea8       0x44 ./Middlewares/ST/STM32_USB_Device_Library/Class/CDC/Src/usbd_cdc.o
                0x0000000008005ea8                USBD_CDC_SetTxBuffer
 .text.USBD_CDC_SetRxBuffer
                0x0000000008005eec       0x3a ./Middlewares/ST/STM32_USB_Device_Library/Class/CDC/Src/usbd_cdc.o
                0x0000000008005eec                USBD_CDC_SetRxBuffer
 *fill*         0x0000000008005f26        0x2 
 .text.USBD_CDC_TransmitPacket
                0x0000000008005f28       0x8c ./Middlewares/ST/STM32_USB_Device_Library/Class/CDC/Src/usbd_cdc.o
                0x0000000008005f28                USBD_CDC_TransmitPacket
 .text.USBD_CDC_ReceivePacket
                0x0000000008005fb4       0x6c ./Middlewares/ST/STM32_USB_Device_Library/Class/CDC/Src/usbd_cdc.o
                0x0000000008005fb4                USBD_CDC_ReceivePacket
 .text.USBD_Init
                0x0000000008006020       0x60 ./Middlewares/ST/STM32_USB_Device_Library/Core/Src/usbd_core.o
                0x0000000008006020                USBD_Init
 .text.USBD_RegisterClass
                0x0000000008006080       0x6c ./Middlewares/ST/STM32_USB_Device_Library/Core/Src/usbd_core.o
                0x0000000008006080                USBD_RegisterClass
 .text.USBD_Start
                0x00000000080060ec       0x18 ./Middlewares/ST/STM32_USB_Device_Library/Core/Src/usbd_core.o
                0x00000000080060ec                USBD_Start
 .text.USBD_RunTestMode
                0x0000000008006104       0x16 ./Middlewares/ST/STM32_USB_Device_Library/Core/Src/usbd_core.o
                0x0000000008006104                USBD_RunTestMode
 .text.USBD_SetClassConfig
                0x000000000800611a       0x38 ./Middlewares/ST/STM32_USB_Device_Library/Core/Src/usbd_core.o
                0x000000000800611a                USBD_SetClassConfig
 .text.USBD_ClrClassConfig
                0x0000000008006152       0x34 ./Middlewares/ST/STM32_USB_Device_Library/Core/Src/usbd_core.o
                0x0000000008006152                USBD_ClrClassConfig
 .text.USBD_LL_SetupStage
                0x0000000008006186       0xaa ./Middlewares/ST/STM32_USB_Device_Library/Core/Src/usbd_core.o
                0x0000000008006186                USBD_LL_SetupStage
 .text.USBD_LL_DataOutStage
                0x0000000008006230      0x166 ./Middlewares/ST/STM32_USB_Device_Library/Core/Src/usbd_core.o
                0x0000000008006230                USBD_LL_DataOutStage
 .text.USBD_LL_DataInStage
                0x0000000008006396      0x164 ./Middlewares/ST/STM32_USB_Device_Library/Core/Src/usbd_core.o
                0x0000000008006396                USBD_LL_DataInStage
 .text.USBD_LL_Reset
                0x00000000080064fa       0xa4 ./Middlewares/ST/STM32_USB_Device_Library/Core/Src/usbd_core.o
                0x00000000080064fa                USBD_LL_Reset
 .text.USBD_LL_SetSpeed
                0x000000000800659e       0x20 ./Middlewares/ST/STM32_USB_Device_Library/Core/Src/usbd_core.o
                0x000000000800659e                USBD_LL_SetSpeed
 .text.USBD_LL_Suspend
                0x00000000080065be       0x2c ./Middlewares/ST/STM32_USB_Device_Library/Core/Src/usbd_core.o
                0x00000000080065be                USBD_LL_Suspend
 .text.USBD_LL_Resume
                0x00000000080065ea       0x30 ./Middlewares/ST/STM32_USB_Device_Library/Core/Src/usbd_core.o
                0x00000000080065ea                USBD_LL_Resume
 .text.USBD_LL_SOF
                0x000000000800661a       0x40 ./Middlewares/ST/STM32_USB_Device_Library/Core/Src/usbd_core.o
                0x000000000800661a                USBD_LL_SOF
 .text.USBD_LL_IsoINIncomplete
                0x000000000800665a       0x64 ./Middlewares/ST/STM32_USB_Device_Library/Core/Src/usbd_core.o
                0x000000000800665a                USBD_LL_IsoINIncomplete
 .text.USBD_LL_IsoOUTIncomplete
                0x00000000080066be       0x64 ./Middlewares/ST/STM32_USB_Device_Library/Core/Src/usbd_core.o
                0x00000000080066be                USBD_LL_IsoOUTIncomplete
 .text.USBD_LL_DevConnected
                0x0000000008006722       0x16 ./Middlewares/ST/STM32_USB_Device_Library/Core/Src/usbd_core.o
                0x0000000008006722                USBD_LL_DevConnected
 .text.USBD_LL_DevDisconnected
                0x0000000008006738       0x46 ./Middlewares/ST/STM32_USB_Device_Library/Core/Src/usbd_core.o
                0x0000000008006738                USBD_LL_DevDisconnected
 .text.USBD_CoreFindIF
                0x000000000800677e       0x1a ./Middlewares/ST/STM32_USB_Device_Library/Core/Src/usbd_core.o
                0x000000000800677e                USBD_CoreFindIF
 .text.USBD_CoreFindEP
                0x0000000008006798       0x1a ./Middlewares/ST/STM32_USB_Device_Library/Core/Src/usbd_core.o
                0x0000000008006798                USBD_CoreFindEP
 .text.USBD_GetEpDesc
                0x00000000080067b2       0x74 ./Middlewares/ST/STM32_USB_Device_Library/Core/Src/usbd_core.o
                0x00000000080067b2                USBD_GetEpDesc
 .text.USBD_GetNextDesc
                0x0000000008006826       0x3a ./Middlewares/ST/STM32_USB_Device_Library/Core/Src/usbd_core.o
                0x0000000008006826                USBD_GetNextDesc
 .text.SWAPBYTE
                0x0000000008006860       0x3c ./Middlewares/ST/STM32_USB_Device_Library/Core/Src/usbd_ctlreq.o
 .text.USBD_StdDevReq
                0x000000000800689c       0xe4 ./Middlewares/ST/STM32_USB_Device_Library/Core/Src/usbd_ctlreq.o
                0x000000000800689c                USBD_StdDevReq
 .text.USBD_StdItfReq
                0x0000000008006980       0xd8 ./Middlewares/ST/STM32_USB_Device_Library/Core/Src/usbd_ctlreq.o
                0x0000000008006980                USBD_StdItfReq
 .text.USBD_StdEPReq
                0x0000000008006a58      0x33a ./Middlewares/ST/STM32_USB_Device_Library/Core/Src/usbd_ctlreq.o
                0x0000000008006a58                USBD_StdEPReq
 *fill*         0x0000000008006d92        0x2 
 .text.USBD_GetDescriptor
                0x0000000008006d94      0x2d4 ./Middlewares/ST/STM32_USB_Device_Library/Core/Src/usbd_ctlreq.o
 .text.USBD_SetAddress
                0x0000000008007068       0x88 ./Middlewares/ST/STM32_USB_Device_Library/Core/Src/usbd_ctlreq.o
 .text.USBD_SetConfig
                0x00000000080070f0      0x154 ./Middlewares/ST/STM32_USB_Device_Library/Core/Src/usbd_ctlreq.o
 .text.USBD_GetConfig
                0x0000000008007244       0x6c ./Middlewares/ST/STM32_USB_Device_Library/Core/Src/usbd_ctlreq.o
 .text.USBD_GetStatus
                0x00000000080072b0       0x68 ./Middlewares/ST/STM32_USB_Device_Library/Core/Src/usbd_ctlreq.o
 .text.USBD_SetFeature
                0x0000000008007318       0x52 ./Middlewares/ST/STM32_USB_Device_Library/Core/Src/usbd_ctlreq.o
 .text.USBD_ClrFeature
                0x000000000800736a       0x44 ./Middlewares/ST/STM32_USB_Device_Library/Core/Src/usbd_ctlreq.o
 .text.USBD_ParseSetupRequest
                0x00000000080073ae       0x74 ./Middlewares/ST/STM32_USB_Device_Library/Core/Src/usbd_ctlreq.o
                0x00000000080073ae                USBD_ParseSetupRequest
 .text.USBD_CtlError
                0x0000000008007422       0x22 ./Middlewares/ST/STM32_USB_Device_Library/Core/Src/usbd_ctlreq.o
                0x0000000008007422                USBD_CtlError
 .text.USBD_GetString
                0x0000000008007444       0x8c ./Middlewares/ST/STM32_USB_Device_Library/Core/Src/usbd_ctlreq.o
                0x0000000008007444                USBD_GetString
 .text.USBD_GetLen
                0x00000000080074d0       0x34 ./Middlewares/ST/STM32_USB_Device_Library/Core/Src/usbd_ctlreq.o
 .text.USBD_CtlSendData
                0x0000000008007504       0x36 ./Middlewares/ST/STM32_USB_Device_Library/Core/Src/usbd_ioreq.o
                0x0000000008007504                USBD_CtlSendData
 .text.USBD_CtlContinueSendData
                0x000000000800753a       0x22 ./Middlewares/ST/STM32_USB_Device_Library/Core/Src/usbd_ioreq.o
                0x000000000800753a                USBD_CtlContinueSendData
 .text.USBD_CtlPrepareRx
                0x000000000800755c       0x3a ./Middlewares/ST/STM32_USB_Device_Library/Core/Src/usbd_ioreq.o
                0x000000000800755c                USBD_CtlPrepareRx
 .text.USBD_CtlContinueRx
                0x0000000008007596       0x22 ./Middlewares/ST/STM32_USB_Device_Library/Core/Src/usbd_ioreq.o
                0x0000000008007596                USBD_CtlContinueRx
 .text.USBD_CtlSendStatus
                0x00000000080075b8       0x26 ./Middlewares/ST/STM32_USB_Device_Library/Core/Src/usbd_ioreq.o
                0x00000000080075b8                USBD_CtlSendStatus
 .text.USBD_CtlReceiveStatus
                0x00000000080075de       0x26 ./Middlewares/ST/STM32_USB_Device_Library/Core/Src/usbd_ioreq.o
                0x00000000080075de                USBD_CtlReceiveStatus
 .text.MX_USB_DEVICE_Init
                0x0000000008007604       0x60 ./USB_DEVICE/App/usb_device.o
                0x0000000008007604                MX_USB_DEVICE_Init
 .text.CDC_Init_FS
                0x0000000008007664       0x28 ./USB_DEVICE/App/usbd_cdc_if.o
 .text.CDC_DeInit_FS
                0x000000000800768c       0x10 ./USB_DEVICE/App/usbd_cdc_if.o
 .text.CDC_Control_FS
                0x000000000800769c       0xbc ./USB_DEVICE/App/usbd_cdc_if.o
 .text.CDC_Receive_FS
                0x0000000008007758       0x28 ./USB_DEVICE/App/usbd_cdc_if.o
 .text.CDC_Transmit_FS
                0x0000000008007780       0x4c ./USB_DEVICE/App/usbd_cdc_if.o
                0x0000000008007780                CDC_Transmit_FS
 .text.CDC_TransmitCplt_FS
                0x00000000080077cc       0x22 ./USB_DEVICE/App/usbd_cdc_if.o
 *fill*         0x00000000080077ee        0x2 
 .text.USBD_FS_DeviceDescriptor
                0x00000000080077f0       0x24 ./USB_DEVICE/App/usbd_desc.o
                0x00000000080077f0                USBD_FS_DeviceDescriptor
 .text.USBD_FS_LangIDStrDescriptor
                0x0000000008007814       0x24 ./USB_DEVICE/App/usbd_desc.o
                0x0000000008007814                USBD_FS_LangIDStrDescriptor
 .text.USBD_FS_ProductStrDescriptor
                0x0000000008007838       0x3c ./USB_DEVICE/App/usbd_desc.o
                0x0000000008007838                USBD_FS_ProductStrDescriptor
 .text.USBD_FS_ManufacturerStrDescriptor
                0x0000000008007874       0x28 ./USB_DEVICE/App/usbd_desc.o
                0x0000000008007874                USBD_FS_ManufacturerStrDescriptor
 .text.USBD_FS_SerialStrDescriptor
                0x000000000800789c       0x24 ./USB_DEVICE/App/usbd_desc.o
                0x000000000800789c                USBD_FS_SerialStrDescriptor
 .text.USBD_FS_ConfigStrDescriptor
                0x00000000080078c0       0x3c ./USB_DEVICE/App/usbd_desc.o
                0x00000000080078c0                USBD_FS_ConfigStrDescriptor
 .text.USBD_FS_InterfaceStrDescriptor
                0x00000000080078fc       0x3c ./USB_DEVICE/App/usbd_desc.o
                0x00000000080078fc                USBD_FS_InterfaceStrDescriptor
 .text.Get_SerialNum
                0x0000000008007938       0x58 ./USB_DEVICE/App/usbd_desc.o
 .text.IntToUnicode
                0x0000000008007990       0x7e ./USB_DEVICE/App/usbd_desc.o
 *fill*         0x0000000008007a0e        0x2 
 .text.HAL_PCD_MspInit
                0x0000000008007a10       0xa8 ./USB_DEVICE/Target/usbd_conf.o
                0x0000000008007a10                HAL_PCD_MspInit
 .text.HAL_PCD_SetupStageCallback
                0x0000000008007ab8       0x24 ./USB_DEVICE/Target/usbd_conf.o
                0x0000000008007ab8                HAL_PCD_SetupStageCallback
 .text.HAL_PCD_DataOutStageCallback
                0x0000000008007adc       0x36 ./USB_DEVICE/Target/usbd_conf.o
                0x0000000008007adc                HAL_PCD_DataOutStageCallback
 .text.HAL_PCD_DataInStageCallback
                0x0000000008007b12       0x34 ./USB_DEVICE/Target/usbd_conf.o
                0x0000000008007b12                HAL_PCD_DataInStageCallback
 .text.HAL_PCD_SOFCallback
                0x0000000008007b46       0x1c ./USB_DEVICE/Target/usbd_conf.o
                0x0000000008007b46                HAL_PCD_SOFCallback
 .text.HAL_PCD_ResetCallback
                0x0000000008007b62       0x50 ./USB_DEVICE/Target/usbd_conf.o
                0x0000000008007b62                HAL_PCD_ResetCallback
 *fill*         0x0000000008007bb2        0x2 
 .text.HAL_PCD_SuspendCallback
                0x0000000008007bb4       0x4c ./USB_DEVICE/Target/usbd_conf.o
                0x0000000008007bb4                HAL_PCD_SuspendCallback
 .text.HAL_PCD_ResumeCallback
                0x0000000008007c00       0x1c ./USB_DEVICE/Target/usbd_conf.o
                0x0000000008007c00                HAL_PCD_ResumeCallback
 .text.HAL_PCD_ISOOUTIncompleteCallback
                0x0000000008007c1c       0x24 ./USB_DEVICE/Target/usbd_conf.o
                0x0000000008007c1c                HAL_PCD_ISOOUTIncompleteCallback
 .text.HAL_PCD_ISOINIncompleteCallback
                0x0000000008007c40       0x24 ./USB_DEVICE/Target/usbd_conf.o
                0x0000000008007c40                HAL_PCD_ISOINIncompleteCallback
 .text.HAL_PCD_ConnectCallback
                0x0000000008007c64       0x1c ./USB_DEVICE/Target/usbd_conf.o
                0x0000000008007c64                HAL_PCD_ConnectCallback
 .text.HAL_PCD_DisconnectCallback
                0x0000000008007c80       0x1c ./USB_DEVICE/Target/usbd_conf.o
                0x0000000008007c80                HAL_PCD_DisconnectCallback
 .text.USBD_LL_Init
                0x0000000008007c9c       0x98 ./USB_DEVICE/Target/usbd_conf.o
                0x0000000008007c9c                USBD_LL_Init
 .text.USBD_LL_Start
                0x0000000008007d34       0x36 ./USB_DEVICE/Target/usbd_conf.o
                0x0000000008007d34                USBD_LL_Start
 .text.USBD_LL_OpenEP
                0x0000000008007d6a       0x4c ./USB_DEVICE/Target/usbd_conf.o
                0x0000000008007d6a                USBD_LL_OpenEP
 .text.USBD_LL_CloseEP
                0x0000000008007db6       0x3e ./USB_DEVICE/Target/usbd_conf.o
                0x0000000008007db6                USBD_LL_CloseEP
 .text.USBD_LL_StallEP
                0x0000000008007df4       0x3e ./USB_DEVICE/Target/usbd_conf.o
                0x0000000008007df4                USBD_LL_StallEP
 .text.USBD_LL_ClearStallEP
                0x0000000008007e32       0x3e ./USB_DEVICE/Target/usbd_conf.o
                0x0000000008007e32                USBD_LL_ClearStallEP
 .text.USBD_LL_IsStallEP
                0x0000000008007e70       0x58 ./USB_DEVICE/Target/usbd_conf.o
                0x0000000008007e70                USBD_LL_IsStallEP
 .text.USBD_LL_SetUSBAddress
                0x0000000008007ec8       0x3e ./USB_DEVICE/Target/usbd_conf.o
                0x0000000008007ec8                USBD_LL_SetUSBAddress
 .text.USBD_LL_Transmit
                0x0000000008007f06       0x42 ./USB_DEVICE/Target/usbd_conf.o
                0x0000000008007f06                USBD_LL_Transmit
 .text.USBD_LL_PrepareReceive
                0x0000000008007f48       0x42 ./USB_DEVICE/Target/usbd_conf.o
                0x0000000008007f48                USBD_LL_PrepareReceive
 .text.USBD_LL_GetRxDataSize
                0x0000000008007f8a       0x26 ./USB_DEVICE/Target/usbd_conf.o
                0x0000000008007f8a                USBD_LL_GetRxDataSize
 .text.USBD_static_malloc
                0x0000000008007fb0       0x1c ./USB_DEVICE/Target/usbd_conf.o
                0x0000000008007fb0                USBD_static_malloc
 .text.USBD_static_free
                0x0000000008007fcc       0x14 ./USB_DEVICE/Target/usbd_conf.o
                0x0000000008007fcc                USBD_static_free
 .text.USBD_Get_USB_Status
                0x0000000008007fe0       0x58 ./USB_DEVICE/Target/usbd_conf.o
                0x0000000008007fe0                USBD_Get_USB_Status
 .text.memset   0x0000000008008038       0x10 C:/ST/STM32CubeIDE_1.12.1/STM32CubeIDE/plugins/com.st.stm32cube.ide.mcu.externaltools.gnu-tools-for-stm32.11.3.rel1.win32_1.1.0.202305231506/tools/bin/../lib/gcc/arm-none-eabi/11.3.1/../../../../arm-none-eabi/lib/thumb/v7e-m+fp/hard\libc_nano.a(libc_a-memset.o)
                0x0000000008008038                memset
 .text.__libc_init_array
                0x0000000008008048       0x48 C:/ST/STM32CubeIDE_1.12.1/STM32CubeIDE/plugins/com.st.stm32cube.ide.mcu.externaltools.gnu-tools-for-stm32.11.3.rel1.win32_1.1.0.202305231506/tools/bin/../lib/gcc/arm-none-eabi/11.3.1/../../../../arm-none-eabi/lib/thumb/v7e-m+fp/hard\libc_nano.a(libc_a-init.o)
                0x0000000008008048                __libc_init_array
 *(.glue_7)
 .glue_7        0x0000000008008090        0x0 linker stubs
 *(.glue_7t)
 .glue_7t       0x0000000008008090        0x0 linker stubs
 *(.eh_frame)
 .eh_frame      0x0000000008008090        0x0 C:/ST/STM32CubeIDE_1.12.1/STM32CubeIDE/plugins/com.st.stm32cube.ide.mcu.externaltools.gnu-tools-for-stm32.11.3.rel1.win32_1.1.0.202305231506/tools/bin/../lib/gcc/arm-none-eabi/11.3.1/thumb/v7e-m+fp/hard/crtbegin.o
 *(.init)
 .init          0x0000000008008090        0x4 C:/ST/STM32CubeIDE_1.12.1/STM32CubeIDE/plugins/com.st.stm32cube.ide.mcu.externaltools.gnu-tools-for-stm32.11.3.rel1.win32_1.1.0.202305231506/tools/bin/../lib/gcc/arm-none-eabi/11.3.1/thumb/v7e-m+fp/hard/crti.o
                0x0000000008008090                _init
 .init          0x0000000008008094        0x8 C:/ST/STM32CubeIDE_1.12.1/STM32CubeIDE/plugins/com.st.stm32cube.ide.mcu.externaltools.gnu-tools-for-stm32.11.3.rel1.win32_1.1.0.202305231506/tools/bin/../lib/gcc/arm-none-eabi/11.3.1/thumb/v7e-m+fp/hard/crtn.o
 *(.fini)
 .fini          0x000000000800809c        0x4 C:/ST/STM32CubeIDE_1.12.1/STM32CubeIDE/plugins/com.st.stm32cube.ide.mcu.externaltools.gnu-tools-for-stm32.11.3.rel1.win32_1.1.0.202305231506/tools/bin/../lib/gcc/arm-none-eabi/11.3.1/thumb/v7e-m+fp/hard/crti.o
                0x000000000800809c                _fini
 .fini          0x00000000080080a0        0x8 C:/ST/STM32CubeIDE_1.12.1/STM32CubeIDE/plugins/com.st.stm32cube.ide.mcu.externaltools.gnu-tools-for-stm32.11.3.rel1.win32_1.1.0.202305231506/tools/bin/../lib/gcc/arm-none-eabi/11.3.1/thumb/v7e-m+fp/hard/crtn.o
                0x00000000080080a8                . = ALIGN (0x4)
                0x00000000080080a8                _etext = .

.vfp11_veneer   0x00000000080080a8        0x0
 .vfp11_veneer  0x00000000080080a8        0x0 linker stubs

.v4_bx          0x00000000080080a8        0x0
 .v4_bx         0x00000000080080a8        0x0 linker stubs

.iplt           0x00000000080080a8        0x0
 .iplt          0x00000000080080a8        0x0 C:/ST/STM32CubeIDE_1.12.1/STM32CubeIDE/plugins/com.st.stm32cube.ide.mcu.externaltools.gnu-tools-for-stm32.11.3.rel1.win32_1.1.0.202305231506/tools/bin/../lib/gcc/arm-none-eabi/11.3.1/thumb/v7e-m+fp/hard/crtbegin.o

.rodata         0x00000000080080a8       0x60
                0x00000000080080a8                . = ALIGN (0x4)
 *(.rodata)
 .rodata        0x00000000080080a8       0x46 ./USB_DEVICE/App/usbd_desc.o
 *(.rodata*)
 *fill*         0x00000000080080ee        0x2 
 .rodata.AHBPrescTable
                0x00000000080080f0       0x10 ./Core/Src/system_stm32f4xx.o
                0x00000000080080f0                AHBPrescTable
 .rodata.flagBitshiftOffset.0
                0x0000000008008100        0x8 ./Drivers/STM32F4xx_HAL_Driver/Src/stm32f4xx_hal_dma.o
                0x0000000008008108                . = ALIGN (0x4)

.ARM.extab      0x0000000008008108        0x0
                0x0000000008008108                . = ALIGN (0x4)
 *(.ARM.extab* .gnu.linkonce.armextab.*)
                0x0000000008008108                . = ALIGN (0x4)

.ARM            0x0000000008008108        0x8
                0x0000000008008108                . = ALIGN (0x4)
                0x0000000008008108                __exidx_start = .
 *(.ARM.exidx*)
 .ARM.exidx     0x0000000008008108        0x8 C:/ST/STM32CubeIDE_1.12.1/STM32CubeIDE/plugins/com.st.stm32cube.ide.mcu.externaltools.gnu-tools-for-stm32.11.3.rel1.win32_1.1.0.202305231506/tools/bin/../lib/gcc/arm-none-eabi/11.3.1/thumb/v7e-m+fp/hard\libgcc.a(_udivmoddi4.o)
                0x0000000008008110                __exidx_end = .
                0x0000000008008110                . = ALIGN (0x4)

.rel.dyn        0x0000000008008110        0x0
 .rel.iplt      0x0000000008008110        0x0 C:/ST/STM32CubeIDE_1.12.1/STM32CubeIDE/plugins/com.st.stm32cube.ide.mcu.externaltools.gnu-tools-for-stm32.11.3.rel1.win32_1.1.0.202305231506/tools/bin/../lib/gcc/arm-none-eabi/11.3.1/thumb/v7e-m+fp/hard/crtbegin.o

.preinit_array  0x0000000008008110        0x0
                0x0000000008008110                . = ALIGN (0x4)
                0x0000000008008110                PROVIDE (__preinit_array_start = .)
 *(.preinit_array*)
                0x0000000008008110                PROVIDE (__preinit_array_end = .)
                0x0000000008008110                . = ALIGN (0x4)

.init_array     0x0000000008008110        0x4
                0x0000000008008110                . = ALIGN (0x4)
                0x0000000008008110                PROVIDE (__init_array_start = .)
 *(SORT_BY_NAME(.init_array.*))
 *(.init_array*)
 .init_array    0x0000000008008110        0x4 C:/ST/STM32CubeIDE_1.12.1/STM32CubeIDE/plugins/com.st.stm32cube.ide.mcu.externaltools.gnu-tools-for-stm32.11.3.rel1.win32_1.1.0.202305231506/tools/bin/../lib/gcc/arm-none-eabi/11.3.1/thumb/v7e-m+fp/hard/crtbegin.o
                0x0000000008008114                PROVIDE (__init_array_end = .)
                0x0000000008008114                . = ALIGN (0x4)

.fini_array     0x0000000008008114        0x4
                0x0000000008008114                . = ALIGN (0x4)
                [!provide]                        PROVIDE (__fini_array_start = .)
 *(SORT_BY_NAME(.fini_array.*))
 *(.fini_array*)
 .fini_array    0x0000000008008114        0x4 C:/ST/STM32CubeIDE_1.12.1/STM32CubeIDE/plugins/com.st.stm32cube.ide.mcu.externaltools.gnu-tools-for-stm32.11.3.rel1.win32_1.1.0.202305231506/tools/bin/../lib/gcc/arm-none-eabi/11.3.1/thumb/v7e-m+fp/hard/crtbegin.o
                [!provide]                        PROVIDE (__fini_array_end = .)
                0x0000000008008118                . = ALIGN (0x4)
                0x0000000008008118                _sidata = LOADADDR (.data)

.data           0x0000000020000000       0xfc load address 0x0000000008008118
                0x0000000020000000                . = ALIGN (0x4)
                0x0000000020000000                _sdata = .
 *(.data)
 *(.data*)
 .data.SystemCoreClock
                0x0000000020000000        0x4 ./Core/Src/system_stm32f4xx.o
                0x0000000020000000                SystemCoreClock
 .data.uwTickPrio
                0x0000000020000004        0x4 ./Drivers/STM32F4xx_HAL_Driver/Src/stm32f4xx_hal.o
                0x0000000020000004                uwTickPrio
 .data.uwTickFreq
                0x0000000020000008        0x1 ./Drivers/STM32F4xx_HAL_Driver/Src/stm32f4xx_hal.o
                0x0000000020000008                uwTickFreq
 *fill*         0x0000000020000009        0x3 
 .data.USBD_CDC_DeviceQualifierDesc
                0x000000002000000c        0xa ./Middlewares/ST/STM32_USB_Device_Library/Class/CDC/Src/usbd_cdc.o
 *fill*         0x0000000020000016        0x2 
 .data.USBD_CDC
                0x0000000020000018       0x38 ./Middlewares/ST/STM32_USB_Device_Library/Class/CDC/Src/usbd_cdc.o
                0x0000000020000018                USBD_CDC
 .data.USBD_CDC_CfgDesc
                0x0000000020000050       0x43 ./Middlewares/ST/STM32_USB_Device_Library/Class/CDC/Src/usbd_cdc.o
 .data.CDCInEpAdd
                0x0000000020000093        0x1 ./Middlewares/ST/STM32_USB_Device_Library/Class/CDC/Src/usbd_cdc.o
 .data.CDCOutEpAdd
                0x0000000020000094        0x1 ./Middlewares/ST/STM32_USB_Device_Library/Class/CDC/Src/usbd_cdc.o
 .data.CDCCmdEpAdd
                0x0000000020000095        0x1 ./Middlewares/ST/STM32_USB_Device_Library/Class/CDC/Src/usbd_cdc.o
 *fill*         0x0000000020000096        0x2 
 .data.USBD_Interface_fops_FS
                0x0000000020000098       0x14 ./USB_DEVICE/App/usbd_cdc_if.o
                0x0000000020000098                USBD_Interface_fops_FS
 .data.FS_Desc  0x00000000200000ac       0x1c ./USB_DEVICE/App/usbd_desc.o
                0x00000000200000ac                FS_Desc
 .data.USBD_FS_DeviceDesc
                0x00000000200000c8       0x12 ./USB_DEVICE/App/usbd_desc.o
                0x00000000200000c8                USBD_FS_DeviceDesc
 *fill*         0x00000000200000da        0x2 
 .data.USBD_LangIDDesc
                0x00000000200000dc        0x4 ./USB_DEVICE/App/usbd_desc.o
                0x00000000200000dc                USBD_LangIDDesc
 .data.USBD_StringSerial
                0x00000000200000e0       0x1a ./USB_DEVICE/App/usbd_desc.o
                0x00000000200000e0                USBD_StringSerial
 *(.RamFunc)
 *(.RamFunc*)
                0x00000000200000fc                . = ALIGN (0x4)
 *fill*         0x00000000200000fa        0x2 
                0x00000000200000fc                _edata = .
                0x0000000008008214                _siccmram = LOADADDR (.ccmram)

.igot.plt       0x00000000200000fc        0x0 load address 0x0000000008008214
 .igot.plt      0x00000000200000fc        0x0 C:/ST/STM32CubeIDE_1.12.1/STM32CubeIDE/plugins/com.st.stm32cube.ide.mcu.externaltools.gnu-tools-for-stm32.11.3.rel1.win32_1.1.0.202305231506/tools/bin/../lib/gcc/arm-none-eabi/11.3.1/thumb/v7e-m+fp/hard/crtbegin.o

.ccmram         0x0000000010000000        0x0 load address 0x0000000008008214
                0x0000000010000000                . = ALIGN (0x4)
                0x0000000010000000                _sccmram = .
 *(.ccmram)
 *(.ccmram*)
                0x0000000010000000                . = ALIGN (0x4)
                0x0000000010000000                _eccmram = .
                0x0000000010000000                . = ALIGN (0x4)

.bss            0x00000000200000fc     0x1ce8
                0x00000000200000fc                _sbss = .
                0x00000000200000fc                __bss_start__ = _sbss
 *(.bss)
 .bss           0x00000000200000fc       0x1c C:/ST/STM32CubeIDE_1.12.1/STM32CubeIDE/plugins/com.st.stm32cube.ide.mcu.externaltools.gnu-tools-for-stm32.11.3.rel1.win32_1.1.0.202305231506/tools/bin/../lib/gcc/arm-none-eabi/11.3.1/thumb/v7e-m+fp/hard/crtbegin.o
 *(.bss*)
 .bss.hadc1     0x0000000020000118       0x48 ./Core/Src/main.o
                0x0000000020000118                hadc1
 .bss.hdma_adc1
                0x0000000020000160       0x60 ./Core/Src/main.o
                0x0000000020000160                hdma_adc1
 .bss.buffer    0x00000000200001c0        0x4 ./Core/Src/main.o
                0x00000000200001c0                buffer
 .bss.kirim     0x00000000200001c4        0x5 ./Core/Src/main.o
                0x00000000200001c4                kirim
 *fill*         0x00000000200001c9        0x3 
 .bss.value     0x00000000200001cc        0x4 ./Core/Src/main.o
                0x00000000200001cc                value
 .bss.num       0x00000000200001d0        0x4 ./Core/Src/main.o
                0x00000000200001d0                num
 .bss.uwTick    0x00000000200001d4        0x4 ./Drivers/STM32F4xx_HAL_Driver/Src/stm32f4xx_hal.o
                0x00000000200001d4                uwTick
 .bss.cfgidx.0  0x00000000200001d8        0x1 ./Middlewares/ST/STM32_USB_Device_Library/Core/Src/usbd_ctlreq.o
 *fill*         0x00000000200001d9        0x3 
 .bss.hUsbDeviceFS
                0x00000000200001dc      0x2dc ./USB_DEVICE/App/usb_device.o
                0x00000000200001dc                hUsbDeviceFS
 .bss.UserRxBufferFS
                0x00000000200004b8      0x800 ./USB_DEVICE/App/usbd_cdc_if.o
                0x00000000200004b8                UserRxBufferFS
 .bss.UserTxBufferFS
                0x0000000020000cb8      0x800 ./USB_DEVICE/App/usbd_cdc_if.o
                0x0000000020000cb8                UserTxBufferFS
 .bss.USBD_StrDesc
                0x00000000200014b8      0x200 ./USB_DEVICE/App/usbd_desc.o
                0x00000000200014b8                USBD_StrDesc
 .bss.hpcd_USB_OTG_FS
                0x00000000200016b8      0x50c ./USB_DEVICE/Target/usbd_conf.o
                0x00000000200016b8                hpcd_USB_OTG_FS
 .bss.mem.0     0x0000000020001bc4      0x220 ./USB_DEVICE/Target/usbd_conf.o
 *(COMMON)
                0x0000000020001de4                . = ALIGN (0x4)
                0x0000000020001de4                _ebss = .
                0x0000000020001de4                __bss_end__ = _ebss

._user_heap_stack
                0x0000000020001de4      0x604
                0x0000000020001de8                . = ALIGN (0x8)
 *fill*         0x0000000020001de4        0x4 
                [!provide]                        PROVIDE (end = .)
                0x0000000020001de8                PROVIDE (_end = .)
                0x0000000020001fe8                . = (. + _Min_Heap_Size)
 *fill*         0x0000000020001de8      0x200 
                0x00000000200023e8                . = (. + _Min_Stack_Size)
 *fill*         0x0000000020001fe8      0x400 
                0x00000000200023e8                . = ALIGN (0x8)

/DISCARD/
 libc.a(*)
 libm.a(*)
 libgcc.a(*)

.ARM.attributes
                0x0000000000000000       0x30
 *(.ARM.attributes)
 .ARM.attributes
                0x0000000000000000       0x1e C:/ST/STM32CubeIDE_1.12.1/STM32CubeIDE/plugins/com.st.stm32cube.ide.mcu.externaltools.gnu-tools-for-stm32.11.3.rel1.win32_1.1.0.202305231506/tools/bin/../lib/gcc/arm-none-eabi/11.3.1/thumb/v7e-m+fp/hard/crti.o
 .ARM.attributes
                0x000000000000001e       0x34 C:/ST/STM32CubeIDE_1.12.1/STM32CubeIDE/plugins/com.st.stm32cube.ide.mcu.externaltools.gnu-tools-for-stm32.11.3.rel1.win32_1.1.0.202305231506/tools/bin/../lib/gcc/arm-none-eabi/11.3.1/thumb/v7e-m+fp/hard/crtbegin.o
 .ARM.attributes
                0x0000000000000052       0x34 ./Core/Src/main.o
 .ARM.attributes
                0x0000000000000086       0x34 ./Core/Src/stm32f4xx_hal_msp.o
 .ARM.attributes
                0x00000000000000ba       0x34 ./Core/Src/stm32f4xx_it.o
 .ARM.attributes
                0x00000000000000ee       0x34 ./Core/Src/system_stm32f4xx.o
 .ARM.attributes
                0x0000000000000122       0x21 ./Core/Startup/startup_stm32f407vgtx.o
 .ARM.attributes
                0x0000000000000143       0x34 ./Drivers/STM32F4xx_HAL_Driver/Src/stm32f4xx_hal.o
 .ARM.attributes
                0x0000000000000177       0x34 ./Drivers/STM32F4xx_HAL_Driver/Src/stm32f4xx_hal_adc.o
 .ARM.attributes
                0x00000000000001ab       0x34 ./Drivers/STM32F4xx_HAL_Driver/Src/stm32f4xx_hal_cortex.o
 .ARM.attributes
                0x00000000000001df       0x34 ./Drivers/STM32F4xx_HAL_Driver/Src/stm32f4xx_hal_dma.o
 .ARM.attributes
                0x0000000000000213       0x34 ./Drivers/STM32F4xx_HAL_Driver/Src/stm32f4xx_hal_gpio.o
 .ARM.attributes
                0x0000000000000247       0x34 ./Drivers/STM32F4xx_HAL_Driver/Src/stm32f4xx_hal_pcd.o
 .ARM.attributes
                0x000000000000027b       0x34 ./Drivers/STM32F4xx_HAL_Driver/Src/stm32f4xx_hal_pcd_ex.o
 .ARM.attributes
                0x00000000000002af       0x34 ./Drivers/STM32F4xx_HAL_Driver/Src/stm32f4xx_hal_rcc.o
 .ARM.attributes
                0x00000000000002e3       0x34 ./Drivers/STM32F4xx_HAL_Driver/Src/stm32f4xx_ll_usb.o
 .ARM.attributes
                0x0000000000000317       0x34 ./Middlewares/ST/STM32_USB_Device_Library/Class/CDC/Src/usbd_cdc.o
 .ARM.attributes
                0x000000000000034b       0x34 ./Middlewares/ST/STM32_USB_Device_Library/Core/Src/usbd_core.o
 .ARM.attributes
                0x000000000000037f       0x34 ./Middlewares/ST/STM32_USB_Device_Library/Core/Src/usbd_ctlreq.o
 .ARM.attributes
                0x00000000000003b3       0x34 ./Middlewares/ST/STM32_USB_Device_Library/Core/Src/usbd_ioreq.o
 .ARM.attributes
                0x00000000000003e7       0x34 ./USB_DEVICE/App/usb_device.o
 .ARM.attributes
                0x000000000000041b       0x34 ./USB_DEVICE/App/usbd_cdc_if.o
 .ARM.attributes
                0x000000000000044f       0x34 ./USB_DEVICE/App/usbd_desc.o
 .ARM.attributes
                0x0000000000000483       0x34 ./USB_DEVICE/Target/usbd_conf.o
 .ARM.attributes
                0x00000000000004b7       0x34 C:/ST/STM32CubeIDE_1.12.1/STM32CubeIDE/plugins/com.st.stm32cube.ide.mcu.externaltools.gnu-tools-for-stm32.11.3.rel1.win32_1.1.0.202305231506/tools/bin/../lib/gcc/arm-none-eabi/11.3.1/../../../../arm-none-eabi/lib/thumb/v7e-m+fp/hard\libc_nano.a(libc_a-memset.o)
 .ARM.attributes
                0x00000000000004eb       0x34 C:/ST/STM32CubeIDE_1.12.1/STM32CubeIDE/plugins/com.st.stm32cube.ide.mcu.externaltools.gnu-tools-for-stm32.11.3.rel1.win32_1.1.0.202305231506/tools/bin/../lib/gcc/arm-none-eabi/11.3.1/../../../../arm-none-eabi/lib/thumb/v7e-m+fp/hard\libc_nano.a(libc_a-init.o)
 .ARM.attributes
                0x000000000000051f       0x1e C:/ST/STM32CubeIDE_1.12.1/STM32CubeIDE/plugins/com.st.stm32cube.ide.mcu.externaltools.gnu-tools-for-stm32.11.3.rel1.win32_1.1.0.202305231506/tools/bin/../lib/gcc/arm-none-eabi/11.3.1/thumb/v7e-m+fp/hard\libgcc.a(_aeabi_uldivmod.o)
 .ARM.attributes
                0x000000000000053d       0x34 C:/ST/STM32CubeIDE_1.12.1/STM32CubeIDE/plugins/com.st.stm32cube.ide.mcu.externaltools.gnu-tools-for-stm32.11.3.rel1.win32_1.1.0.202305231506/tools/bin/../lib/gcc/arm-none-eabi/11.3.1/thumb/v7e-m+fp/hard\libgcc.a(_udivmoddi4.o)
 .ARM.attributes
                0x0000000000000571       0x1e C:/ST/STM32CubeIDE_1.12.1/STM32CubeIDE/plugins/com.st.stm32cube.ide.mcu.externaltools.gnu-tools-for-stm32.11.3.rel1.win32_1.1.0.202305231506/tools/bin/../lib/gcc/arm-none-eabi/11.3.1/thumb/v7e-m+fp/hard\libgcc.a(_dvmd_tls.o)
 .ARM.attributes
                0x000000000000058f       0x1e C:/ST/STM32CubeIDE_1.12.1/STM32CubeIDE/plugins/com.st.stm32cube.ide.mcu.externaltools.gnu-tools-for-stm32.11.3.rel1.win32_1.1.0.202305231506/tools/bin/../lib/gcc/arm-none-eabi/11.3.1/thumb/v7e-m+fp/hard/crtn.o
OUTPUT(adc_otg_fs.elf elf32-littlearm)
LOAD linker stubs
LOAD C:/ST/STM32CubeIDE_1.12.1/STM32CubeIDE/plugins/com.st.stm32cube.ide.mcu.externaltools.gnu-tools-for-stm32.11.3.rel1.win32_1.1.0.202305231506/tools/bin/../lib/gcc/arm-none-eabi/11.3.1/../../../../arm-none-eabi/lib/thumb/v7e-m+fp/hard\libc.a
LOAD C:/ST/STM32CubeIDE_1.12.1/STM32CubeIDE/plugins/com.st.stm32cube.ide.mcu.externaltools.gnu-tools-for-stm32.11.3.rel1.win32_1.1.0.202305231506/tools/bin/../lib/gcc/arm-none-eabi/11.3.1/../../../../arm-none-eabi/lib/thumb/v7e-m+fp/hard\libm.a
LOAD C:/ST/STM32CubeIDE_1.12.1/STM32CubeIDE/plugins/com.st.stm32cube.ide.mcu.externaltools.gnu-tools-for-stm32.11.3.rel1.win32_1.1.0.202305231506/tools/bin/../lib/gcc/arm-none-eabi/11.3.1/thumb/v7e-m+fp/hard\libgcc.a

.comment        0x0000000000000000       0x43
 .comment       0x0000000000000000       0x43 C:/ST/STM32CubeIDE_1.12.1/STM32CubeIDE/plugins/com.st.stm32cube.ide.mcu.externaltools.gnu-tools-for-stm32.11.3.rel1.win32_1.1.0.202305231506/tools/bin/../lib/gcc/arm-none-eabi/11.3.1/thumb/v7e-m+fp/hard/crtbegin.o
                                         0x44 (size before relaxing)
 .comment       0x0000000000000043       0x44 ./Core/Src/main.o
 .comment       0x0000000000000043       0x44 ./Core/Src/stm32f4xx_hal_msp.o
 .comment       0x0000000000000043       0x44 ./Core/Src/stm32f4xx_it.o
 .comment       0x0000000000000043       0x44 ./Core/Src/system_stm32f4xx.o
 .comment       0x0000000000000043       0x44 ./Drivers/STM32F4xx_HAL_Driver/Src/stm32f4xx_hal.o
 .comment       0x0000000000000043       0x44 ./Drivers/STM32F4xx_HAL_Driver/Src/stm32f4xx_hal_adc.o
 .comment       0x0000000000000043       0x44 ./Drivers/STM32F4xx_HAL_Driver/Src/stm32f4xx_hal_cortex.o
 .comment       0x0000000000000043       0x44 ./Drivers/STM32F4xx_HAL_Driver/Src/stm32f4xx_hal_dma.o
 .comment       0x0000000000000043       0x44 ./Drivers/STM32F4xx_HAL_Driver/Src/stm32f4xx_hal_gpio.o
 .comment       0x0000000000000043       0x44 ./Drivers/STM32F4xx_HAL_Driver/Src/stm32f4xx_hal_pcd.o
 .comment       0x0000000000000043       0x44 ./Drivers/STM32F4xx_HAL_Driver/Src/stm32f4xx_hal_pcd_ex.o
 .comment       0x0000000000000043       0x44 ./Drivers/STM32F4xx_HAL_Driver/Src/stm32f4xx_hal_rcc.o
 .comment       0x0000000000000043       0x44 ./Drivers/STM32F4xx_HAL_Driver/Src/stm32f4xx_ll_usb.o
 .comment       0x0000000000000043       0x44 ./Middlewares/ST/STM32_USB_Device_Library/Class/CDC/Src/usbd_cdc.o
 .comment       0x0000000000000043       0x44 ./Middlewares/ST/STM32_USB_Device_Library/Core/Src/usbd_core.o
 .comment       0x0000000000000043       0x44 ./Middlewares/ST/STM32_USB_Device_Library/Core/Src/usbd_ctlreq.o
 .comment       0x0000000000000043       0x44 ./Middlewares/ST/STM32_USB_Device_Library/Core/Src/usbd_ioreq.o
 .comment       0x0000000000000043       0x44 ./USB_DEVICE/App/usb_device.o
 .comment       0x0000000000000043       0x44 ./USB_DEVICE/App/usbd_cdc_if.o
 .comment       0x0000000000000043       0x44 ./USB_DEVICE/App/usbd_desc.o
 .comment       0x0000000000000043       0x44 ./USB_DEVICE/Target/usbd_conf.o

.debug_info     0x0000000000000000     0xf96b
 .debug_info    0x0000000000000000      0xe2d ./Core/Src/main.o
 .debug_info    0x0000000000000e2d      0x96d ./Core/Src/stm32f4xx_hal_msp.o
 .debug_info    0x000000000000179a      0x879 ./Core/Src/stm32f4xx_it.o
 .debug_info    0x0000000000002013      0x512 ./Core/Src/system_stm32f4xx.o
 .debug_info    0x0000000000002525       0x23 ./Core/Startup/startup_stm32f407vgtx.o
 .debug_info    0x0000000000002548      0x948 ./Drivers/STM32F4xx_HAL_Driver/Src/stm32f4xx_hal.o
 .debug_info    0x0000000000002e90      0xcd4 ./Drivers/STM32F4xx_HAL_Driver/Src/stm32f4xx_hal_adc.o
 .debug_info    0x0000000000003b64      0xd46 ./Drivers/STM32F4xx_HAL_Driver/Src/stm32f4xx_hal_cortex.o
 .debug_info    0x00000000000048aa      0x8e7 ./Drivers/STM32F4xx_HAL_Driver/Src/stm32f4xx_hal_dma.o
 .debug_info    0x0000000000005191      0x6c3 ./Drivers/STM32F4xx_HAL_Driver/Src/stm32f4xx_hal_gpio.o
 .debug_info    0x0000000000005854     0x1541 ./Drivers/STM32F4xx_HAL_Driver/Src/stm32f4xx_hal_pcd.o
 .debug_info    0x0000000000006d95      0x6d2 ./Drivers/STM32F4xx_HAL_Driver/Src/stm32f4xx_hal_pcd_ex.o
 .debug_info    0x0000000000007467      0x8b1 ./Drivers/STM32F4xx_HAL_Driver/Src/stm32f4xx_hal_rcc.o
 .debug_info    0x0000000000007d18     0x18f6 ./Drivers/STM32F4xx_HAL_Driver/Src/stm32f4xx_ll_usb.o
 .debug_info    0x000000000000960e     0x128b ./Middlewares/ST/STM32_USB_Device_Library/Class/CDC/Src/usbd_cdc.o
 .debug_info    0x000000000000a899      0xe05 ./Middlewares/ST/STM32_USB_Device_Library/Core/Src/usbd_core.o
 .debug_info    0x000000000000b69e      0xade ./Middlewares/ST/STM32_USB_Device_Library/Core/Src/usbd_ctlreq.o
 .debug_info    0x000000000000c17c      0x755 ./Middlewares/ST/STM32_USB_Device_Library/Core/Src/usbd_ioreq.o
 .debug_info    0x000000000000c8d1      0x701 ./USB_DEVICE/App/usb_device.o
 .debug_info    0x000000000000cfd2      0x8fa ./USB_DEVICE/App/usbd_cdc_if.o
 .debug_info    0x000000000000d8cc      0x458 ./USB_DEVICE/App/usbd_desc.o
 .debug_info    0x000000000000dd24     0x1c47 ./USB_DEVICE/Target/usbd_conf.o

.debug_abbrev   0x0000000000000000     0x303a
 .debug_abbrev  0x0000000000000000      0x2ca ./Core/Src/main.o
 .debug_abbrev  0x00000000000002ca      0x1f9 ./Core/Src/stm32f4xx_hal_msp.o
 .debug_abbrev  0x00000000000004c3      0x1d2 ./Core/Src/stm32f4xx_it.o
 .debug_abbrev  0x0000000000000695      0x11a ./Core/Src/system_stm32f4xx.o
 .debug_abbrev  0x00000000000007af       0x12 ./Core/Startup/startup_stm32f407vgtx.o
 .debug_abbrev  0x00000000000007c1      0x213 ./Drivers/STM32F4xx_HAL_Driver/Src/stm32f4xx_hal.o
 .debug_abbrev  0x00000000000009d4      0x252 ./Drivers/STM32F4xx_HAL_Driver/Src/stm32f4xx_hal_adc.o
 .debug_abbrev  0x0000000000000c26      0x327 ./Drivers/STM32F4xx_HAL_Driver/Src/stm32f4xx_hal_cortex.o
 .debug_abbrev  0x0000000000000f4d      0x264 ./Drivers/STM32F4xx_HAL_Driver/Src/stm32f4xx_hal_dma.o
 .debug_abbrev  0x00000000000011b1      0x1d4 ./Drivers/STM32F4xx_HAL_Driver/Src/stm32f4xx_hal_gpio.o
 .debug_abbrev  0x0000000000001385      0x2d0 ./Drivers/STM32F4xx_HAL_Driver/Src/stm32f4xx_hal_pcd.o
 .debug_abbrev  0x0000000000001655      0x1da ./Drivers/STM32F4xx_HAL_Driver/Src/stm32f4xx_hal_pcd_ex.o
 .debug_abbrev  0x000000000000182f      0x2b6 ./Drivers/STM32F4xx_HAL_Driver/Src/stm32f4xx_hal_rcc.o
 .debug_abbrev  0x0000000000001ae5      0x2ac ./Drivers/STM32F4xx_HAL_Driver/Src/stm32f4xx_ll_usb.o
 .debug_abbrev  0x0000000000001d91      0x2d2 ./Middlewares/ST/STM32_USB_Device_Library/Class/CDC/Src/usbd_cdc.o
 .debug_abbrev  0x0000000000002063      0x27c ./Middlewares/ST/STM32_USB_Device_Library/Core/Src/usbd_core.o
 .debug_abbrev  0x00000000000022df      0x26f ./Middlewares/ST/STM32_USB_Device_Library/Core/Src/usbd_ctlreq.o
 .debug_abbrev  0x000000000000254e      0x19a ./Middlewares/ST/STM32_USB_Device_Library/Core/Src/usbd_ioreq.o
 .debug_abbrev  0x00000000000026e8      0x195 ./USB_DEVICE/App/usb_device.o
 .debug_abbrev  0x000000000000287d      0x29d ./USB_DEVICE/App/usbd_cdc_if.o
 .debug_abbrev  0x0000000000002b1a      0x1e1 ./USB_DEVICE/App/usbd_desc.o
 .debug_abbrev  0x0000000000002cfb      0x33f ./USB_DEVICE/Target/usbd_conf.o

.debug_aranges  0x0000000000000000      0xce0
 .debug_aranges
                0x0000000000000000       0x50 ./Core/Src/main.o
 .debug_aranges
                0x0000000000000050       0x30 ./Core/Src/stm32f4xx_hal_msp.o
 .debug_aranges
                0x0000000000000080       0x70 ./Core/Src/stm32f4xx_it.o
 .debug_aranges
                0x00000000000000f0       0x28 ./Core/Src/system_stm32f4xx.o
 .debug_aranges
                0x0000000000000118       0x28 ./Core/Startup/startup_stm32f407vgtx.o
 .debug_aranges
                0x0000000000000140       0xf0 ./Drivers/STM32F4xx_HAL_Driver/Src/stm32f4xx_hal.o
 .debug_aranges
                0x0000000000000230       0xe8 ./Drivers/STM32F4xx_HAL_Driver/Src/stm32f4xx_hal_adc.o
 .debug_aranges
                0x0000000000000318      0x118 ./Drivers/STM32F4xx_HAL_Driver/Src/stm32f4xx_hal_cortex.o
 .debug_aranges
                0x0000000000000430       0x90 ./Drivers/STM32F4xx_HAL_Driver/Src/stm32f4xx_hal_dma.o
 .debug_aranges
                0x00000000000004c0       0x58 ./Drivers/STM32F4xx_HAL_Driver/Src/stm32f4xx_hal_gpio.o
 .debug_aranges
                0x0000000000000518      0x148 ./Drivers/STM32F4xx_HAL_Driver/Src/stm32f4xx_hal_pcd.o
 .debug_aranges
                0x0000000000000660       0x38 ./Drivers/STM32F4xx_HAL_Driver/Src/stm32f4xx_hal_pcd_ex.o
 .debug_aranges
                0x0000000000000698       0x88 ./Drivers/STM32F4xx_HAL_Driver/Src/stm32f4xx_hal_rcc.o
 .debug_aranges
                0x0000000000000720      0x1a0 ./Drivers/STM32F4xx_HAL_Driver/Src/stm32f4xx_ll_usb.o
 .debug_aranges
                0x00000000000008c0       0x90 ./Middlewares/ST/STM32_USB_Device_Library/Class/CDC/Src/usbd_cdc.o
 .debug_aranges
                0x0000000000000950       0xd8 ./Middlewares/ST/STM32_USB_Device_Library/Core/Src/usbd_core.o
 .debug_aranges
                0x0000000000000a28       0x90 ./Middlewares/ST/STM32_USB_Device_Library/Core/Src/usbd_ctlreq.o
 .debug_aranges
                0x0000000000000ab8       0x50 ./Middlewares/ST/STM32_USB_Device_Library/Core/Src/usbd_ioreq.o
 .debug_aranges
                0x0000000000000b08       0x20 ./USB_DEVICE/App/usb_device.o
 .debug_aranges
                0x0000000000000b28       0x48 ./USB_DEVICE/App/usbd_cdc_if.o
 .debug_aranges
                0x0000000000000b70       0x60 ./USB_DEVICE/App/usbd_desc.o
 .debug_aranges
                0x0000000000000bd0      0x110 ./USB_DEVICE/Target/usbd_conf.o

.debug_rnglists
                0x0000000000000000      0x990
 .debug_rnglists
                0x0000000000000000       0x3a ./Core/Src/main.o
 .debug_rnglists
                0x000000000000003a       0x20 ./Core/Src/stm32f4xx_hal_msp.o
 .debug_rnglists
                0x000000000000005a       0x4f ./Core/Src/stm32f4xx_it.o
 .debug_rnglists
                0x00000000000000a9       0x1a ./Core/Src/system_stm32f4xx.o
 .debug_rnglists
                0x00000000000000c3       0x19 ./Core/Startup/startup_stm32f407vgtx.o
 .debug_rnglists
                0x00000000000000dc       0xaf ./Drivers/STM32F4xx_HAL_Driver/Src/stm32f4xx_hal.o
 .debug_rnglists
                0x000000000000018b       0xb5 ./Drivers/STM32F4xx_HAL_Driver/Src/stm32f4xx_hal_adc.o
 .debug_rnglists
                0x0000000000000240       0xce ./Drivers/STM32F4xx_HAL_Driver/Src/stm32f4xx_hal_cortex.o
 .debug_rnglists
                0x000000000000030e       0x70 ./Drivers/STM32F4xx_HAL_Driver/Src/stm32f4xx_hal_dma.o
 .debug_rnglists
                0x000000000000037e       0x3f ./Drivers/STM32F4xx_HAL_Driver/Src/stm32f4xx_hal_gpio.o
 .debug_rnglists
                0x00000000000003bd       0xfc ./Drivers/STM32F4xx_HAL_Driver/Src/stm32f4xx_hal_pcd.o
 .debug_rnglists
                0x00000000000004b9       0x26 ./Drivers/STM32F4xx_HAL_Driver/Src/stm32f4xx_hal_pcd_ex.o
 .debug_rnglists
                0x00000000000004df       0x66 ./Drivers/STM32F4xx_HAL_Driver/Src/stm32f4xx_hal_rcc.o
 .debug_rnglists
                0x0000000000000545      0x148 ./Drivers/STM32F4xx_HAL_Driver/Src/stm32f4xx_ll_usb.o
 .debug_rnglists
                0x000000000000068d       0x6c ./Middlewares/ST/STM32_USB_Device_Library/Class/CDC/Src/usbd_cdc.o
 .debug_rnglists
                0x00000000000006f9       0xa1 ./Middlewares/ST/STM32_USB_Device_Library/Core/Src/usbd_core.o
 .debug_rnglists
                0x000000000000079a       0x6e ./Middlewares/ST/STM32_USB_Device_Library/Core/Src/usbd_ctlreq.o
 .debug_rnglists
                0x0000000000000808       0x37 ./Middlewares/ST/STM32_USB_Device_Library/Core/Src/usbd_ioreq.o
 .debug_rnglists
                0x000000000000083f       0x13 ./USB_DEVICE/App/usb_device.o
 .debug_rnglists
                0x0000000000000852       0x32 ./USB_DEVICE/App/usbd_cdc_if.o
 .debug_rnglists
                0x0000000000000884       0x43 ./USB_DEVICE/App/usbd_desc.o
 .debug_rnglists
                0x00000000000008c7       0xc9 ./USB_DEVICE/Target/usbd_conf.o

.debug_macro    0x0000000000000000    0x23df2
 .debug_macro   0x0000000000000000      0x3b4 ./Core/Src/main.o
 .debug_macro   0x00000000000003b4      0xaa8 ./Core/Src/main.o
 .debug_macro   0x0000000000000e5c      0x29b ./Core/Src/main.o
 .debug_macro   0x00000000000010f7       0x2e ./Core/Src/main.o
 .debug_macro   0x0000000000001125       0x2f ./Core/Src/main.o
 .debug_macro   0x0000000000001154       0x22 ./Core/Src/main.o
 .debug_macro   0x0000000000001176       0x8e ./Core/Src/main.o
 .debug_macro   0x0000000000001204       0x51 ./Core/Src/main.o
 .debug_macro   0x0000000000001255      0x103 ./Core/Src/main.o
 .debug_macro   0x0000000000001358       0x6a ./Core/Src/main.o
 .debug_macro   0x00000000000013c2      0x1df ./Core/Src/main.o
 .debug_macro   0x00000000000015a1       0x1c ./Core/Src/main.o
 .debug_macro   0x00000000000015bd       0x22 ./Core/Src/main.o
 .debug_macro   0x00000000000015df       0xd9 ./Core/Src/main.o
 .debug_macro   0x00000000000016b8     0x102d ./Core/Src/main.o
 .debug_macro   0x00000000000026e5      0x11f ./Core/Src/main.o
 .debug_macro   0x0000000000002804    0x15e82 ./Core/Src/main.o
 .debug_macro   0x0000000000018686       0x6d ./Core/Src/main.o
 .debug_macro   0x00000000000186f3     0x367e ./Core/Src/main.o
 .debug_macro   0x000000000001bd71      0x174 ./Core/Src/main.o
 .debug_macro   0x000000000001bee5       0x5c ./Core/Src/main.o
 .debug_macro   0x000000000001bf41      0x96b ./Core/Src/main.o
 .debug_macro   0x000000000001c8ac      0x9fe ./Core/Src/main.o
 .debug_macro   0x000000000001d2aa      0x115 ./Core/Src/main.o
 .debug_macro   0x000000000001d3bf      0x13e ./Core/Src/main.o
 .debug_macro   0x000000000001d4fd       0xa5 ./Core/Src/main.o
 .debug_macro   0x000000000001d5a2      0x174 ./Core/Src/main.o
 .debug_macro   0x000000000001d716      0x287 ./Core/Src/main.o
 .debug_macro   0x000000000001d99d       0x5f ./Core/Src/main.o
 .debug_macro   0x000000000001d9fc      0x236 ./Core/Src/main.o
 .debug_macro   0x000000000001dc32      0xb5b ./Core/Src/main.o
 .debug_macro   0x000000000001e78d      0x38b ./Core/Src/main.o
 .debug_macro   0x000000000001eb18      0x176 ./Core/Src/main.o
 .debug_macro   0x000000000001ec8e       0xf9 ./Core/Src/main.o
 .debug_macro   0x000000000001ed87      0x12c ./Core/Src/main.o
 .debug_macro   0x000000000001eeb3      0x21e ./Core/Src/main.o
 .debug_macro   0x000000000001f0d1       0x2e ./Core/Src/main.o
 .debug_macro   0x000000000001f0ff      0x11a ./Core/Src/main.o
 .debug_macro   0x000000000001f219       0x7e ./Core/Src/main.o
 .debug_macro   0x000000000001f297       0x89 ./Core/Src/main.o
 .debug_macro   0x000000000001f320      0x248 ./Core/Src/main.o
 .debug_macro   0x000000000001f568       0xba ./Core/Src/main.o
 .debug_macro   0x000000000001f622      0x12d ./Core/Src/main.o
 .debug_macro   0x000000000001f74f       0x61 ./Core/Src/main.o
 .debug_macro   0x000000000001f7b0       0x2a ./Core/Src/main.o
 .debug_macro   0x000000000001f7da       0x43 ./Core/Src/main.o
 .debug_macro   0x000000000001f81d       0x34 ./Core/Src/main.o
 .debug_macro   0x000000000001f851       0x16 ./Core/Src/main.o
 .debug_macro   0x000000000001f867       0x35 ./Core/Src/main.o
 .debug_macro   0x000000000001f89c      0x369 ./Core/Src/main.o
 .debug_macro   0x000000000001fc05       0x10 ./Core/Src/main.o
 .debug_macro   0x000000000001fc15       0x16 ./Core/Src/main.o
 .debug_macro   0x000000000001fc2b       0x43 ./Core/Src/main.o
 .debug_macro   0x000000000001fc6e       0x34 ./Core/Src/main.o
 .debug_macro   0x000000000001fca2       0x10 ./Core/Src/main.o
 .debug_macro   0x000000000001fcb2       0x58 ./Core/Src/main.o
 .debug_macro   0x000000000001fd0a       0x8e ./Core/Src/main.o
 .debug_macro   0x000000000001fd98       0x1c ./Core/Src/main.o
 .debug_macro   0x000000000001fdb4      0x177 ./Core/Src/main.o
 .debug_macro   0x000000000001ff2b       0x16 ./Core/Src/main.o
 .debug_macro   0x000000000001ff41       0x16 ./Core/Src/main.o
 .debug_macro   0x000000000001ff57      0x147 ./Core/Src/main.o
 .debug_macro   0x000000000002009e       0x16 ./Core/Src/main.o
 .debug_macro   0x00000000000200b4       0x16 ./Core/Src/main.o
 .debug_macro   0x00000000000200ca       0x29 ./Core/Src/main.o
 .debug_macro   0x00000000000200f3       0x16 ./Core/Src/main.o
 .debug_macro   0x0000000000020109       0x20 ./Core/Src/main.o
 .debug_macro   0x0000000000020129       0x65 ./Core/Src/main.o
 .debug_macro   0x000000000002018e      0x20f ./Core/Src/main.o
 .debug_macro   0x000000000002039d       0x95 ./Core/Src/main.o
 .debug_macro   0x0000000000020432       0x10 ./Core/Src/main.o
 .debug_macro   0x0000000000020442      0x206 ./Core/Src/stm32f4xx_hal_msp.o
 .debug_macro   0x0000000000020648      0x210 ./Core/Src/stm32f4xx_it.o
 .debug_macro   0x0000000000020858      0x1fc ./Core/Src/system_stm32f4xx.o
 .debug_macro   0x0000000000020a54      0x25c ./Drivers/STM32F4xx_HAL_Driver/Src/stm32f4xx_hal.o
 .debug_macro   0x0000000000020cb0      0x1fd ./Drivers/STM32F4xx_HAL_Driver/Src/stm32f4xx_hal_adc.o
 .debug_macro   0x0000000000020ead      0x1fc ./Drivers/STM32F4xx_HAL_Driver/Src/stm32f4xx_hal_cortex.o
 .debug_macro   0x00000000000210a9      0x202 ./Drivers/STM32F4xx_HAL_Driver/Src/stm32f4xx_hal_dma.o
 .debug_macro   0x00000000000212ab      0x202 ./Drivers/STM32F4xx_HAL_Driver/Src/stm32f4xx_hal_gpio.o
 .debug_macro   0x00000000000214ad      0x208 ./Drivers/STM32F4xx_HAL_Driver/Src/stm32f4xx_hal_pcd.o
 .debug_macro   0x00000000000216b5      0x1fc ./Drivers/STM32F4xx_HAL_Driver/Src/stm32f4xx_hal_pcd_ex.o
 .debug_macro   0x00000000000218b1      0x220 ./Drivers/STM32F4xx_HAL_Driver/Src/stm32f4xx_hal_rcc.o
 .debug_macro   0x0000000000021ad1      0x1fc ./Drivers/STM32F4xx_HAL_Driver/Src/stm32f4xx_ll_usb.o
 .debug_macro   0x0000000000021ccd      0x395 ./Middlewares/ST/STM32_USB_Device_Library/Class/CDC/Src/usbd_cdc.o
 .debug_macro   0x0000000000022062       0x97 ./Middlewares/ST/STM32_USB_Device_Library/Class/CDC/Src/usbd_cdc.o
 .debug_macro   0x00000000000220f9       0xfd ./Middlewares/ST/STM32_USB_Device_Library/Class/CDC/Src/usbd_cdc.o
 .debug_macro   0x00000000000221f6       0x56 ./Middlewares/ST/STM32_USB_Device_Library/Class/CDC/Src/usbd_cdc.o
 .debug_macro   0x000000000002224c      0x37c ./Middlewares/ST/STM32_USB_Device_Library/Core/Src/usbd_core.o
 .debug_macro   0x00000000000225c8      0x215 ./Middlewares/ST/STM32_USB_Device_Library/Core/Src/usbd_core.o
 .debug_macro   0x00000000000227dd      0x386 ./Middlewares/ST/STM32_USB_Device_Library/Core/Src/usbd_ctlreq.o
 .debug_macro   0x0000000000022b63      0x382 ./Middlewares/ST/STM32_USB_Device_Library/Core/Src/usbd_ioreq.o
 .debug_macro   0x0000000000022ee5      0x3bb ./USB_DEVICE/App/usb_device.o
 .debug_macro   0x00000000000232a0       0x22 ./USB_DEVICE/App/usb_device.o
 .debug_macro   0x00000000000232c2       0x16 ./USB_DEVICE/App/usb_device.o
 .debug_macro   0x00000000000232d8      0x3a0 ./USB_DEVICE/App/usbd_cdc_if.o
 .debug_macro   0x0000000000023678      0x3bf ./USB_DEVICE/App/usbd_desc.o
 .debug_macro   0x0000000000023a37       0x1c ./USB_DEVICE/App/usbd_desc.o
 .debug_macro   0x0000000000023a53      0x39f ./USB_DEVICE/Target/usbd_conf.o

.debug_line     0x0000000000000000    0x11ae4
 .debug_line    0x0000000000000000      0xbe0 ./Core/Src/main.o
 .debug_line    0x0000000000000be0      0x7fb ./Core/Src/stm32f4xx_hal_msp.o
 .debug_line    0x00000000000013db      0x87e ./Core/Src/stm32f4xx_it.o
 .debug_line    0x0000000000001c59      0x80d ./Core/Src/system_stm32f4xx.o
 .debug_line    0x0000000000002466       0x7a ./Core/Startup/startup_stm32f407vgtx.o
 .debug_line    0x00000000000024e0      0xa73 ./Drivers/STM32F4xx_HAL_Driver/Src/stm32f4xx_hal.o
 .debug_line    0x0000000000002f53     0x12dd ./Drivers/STM32F4xx_HAL_Driver/Src/stm32f4xx_hal_adc.o
 .debug_line    0x0000000000004230      0xd22 ./Drivers/STM32F4xx_HAL_Driver/Src/stm32f4xx_hal_cortex.o
 .debug_line    0x0000000000004f52      0xfd7 ./Drivers/STM32F4xx_HAL_Driver/Src/stm32f4xx_hal_dma.o
 .debug_line    0x0000000000005f29      0xbe7 ./Drivers/STM32F4xx_HAL_Driver/Src/stm32f4xx_hal_gpio.o
 .debug_line    0x0000000000006b10     0x151a ./Drivers/STM32F4xx_HAL_Driver/Src/stm32f4xx_hal_pcd.o
 .debug_line    0x000000000000802a      0x856 ./Drivers/STM32F4xx_HAL_Driver/Src/stm32f4xx_hal_pcd_ex.o
 .debug_line    0x0000000000008880      0xdec ./Drivers/STM32F4xx_HAL_Driver/Src/stm32f4xx_hal_rcc.o
 .debug_line    0x000000000000966c     0x1b34 ./Drivers/STM32F4xx_HAL_Driver/Src/stm32f4xx_ll_usb.o
 .debug_line    0x000000000000b1a0      0xf15 ./Middlewares/ST/STM32_USB_Device_Library/Class/CDC/Src/usbd_cdc.o
 .debug_line    0x000000000000c0b5      0xf8a ./Middlewares/ST/STM32_USB_Device_Library/Core/Src/usbd_core.o
 .debug_line    0x000000000000d03f     0x1174 ./Middlewares/ST/STM32_USB_Device_Library/Core/Src/usbd_ctlreq.o
 .debug_line    0x000000000000e1b3      0xaa3 ./Middlewares/ST/STM32_USB_Device_Library/Core/Src/usbd_ioreq.o
 .debug_line    0x000000000000ec56      0xa5f ./USB_DEVICE/App/usb_device.o
 .debug_line    0x000000000000f6b5      0xac2 ./USB_DEVICE/App/usbd_cdc_if.o
 .debug_line    0x0000000000010177      0xb28 ./USB_DEVICE/App/usbd_desc.o
 .debug_line    0x0000000000010c9f      0xe45 ./USB_DEVICE/Target/usbd_conf.o

.debug_str      0x0000000000000000    0xd06ec
 .debug_str     0x0000000000000000    0xcd0a7 ./Core/Src/main.o
                                      0xcd436 (size before relaxing)
 .debug_str     0x00000000000cd0a7      0x107 ./Core/Src/stm32f4xx_hal_msp.o
                                      0xc875a (size before relaxing)
 .debug_str     0x00000000000cd1ae      0x46e ./Core/Src/stm32f4xx_it.o
                                      0xc8810 (size before relaxing)
 .debug_str     0x00000000000cd61c       0xdb ./Core/Src/system_stm32f4xx.o
                                      0xc82ee (size before relaxing)
 .debug_str     0x00000000000cd6f7       0x34 ./Core/Startup/startup_stm32f407vgtx.o
                                         0x71 (size before relaxing)
 .debug_str     0x00000000000cd72b      0x5f0 ./Drivers/STM32F4xx_HAL_Driver/Src/stm32f4xx_hal.o
                                      0xc8e72 (size before relaxing)
 .debug_str     0x00000000000cdd1b      0x2a7 ./Drivers/STM32F4xx_HAL_Driver/Src/stm32f4xx_hal_adc.o
                                      0xc88db (size before relaxing)
 .debug_str     0x00000000000cdfc2      0x33a ./Drivers/STM32F4xx_HAL_Driver/Src/stm32f4xx_hal_cortex.o
                                      0xc8ba5 (size before relaxing)
 .debug_str     0x00000000000ce2fc      0x2cf ./Drivers/STM32F4xx_HAL_Driver/Src/stm32f4xx_hal_dma.o
                                      0xc8708 (size before relaxing)
 .debug_str     0x00000000000ce5cb      0x15d ./Drivers/STM32F4xx_HAL_Driver/Src/stm32f4xx_hal_gpio.o
                                      0xc8469 (size before relaxing)
 .debug_str     0x00000000000ce728      0x832 ./Drivers/STM32F4xx_HAL_Driver/Src/stm32f4xx_hal_pcd.o
                                      0xc8db0 (size before relaxing)
 .debug_str     0x00000000000cef5a      0x115 ./Drivers/STM32F4xx_HAL_Driver/Src/stm32f4xx_hal_pcd_ex.o
                                      0xc869f (size before relaxing)
 .debug_str     0x00000000000cf06f      0x21f ./Drivers/STM32F4xx_HAL_Driver/Src/stm32f4xx_hal_rcc.o
                                      0xc8722 (size before relaxing)
 .debug_str     0x00000000000cf28e      0x44d ./Drivers/STM32F4xx_HAL_Driver/Src/stm32f4xx_ll_usb.o
                                      0xc8c18 (size before relaxing)
 .debug_str     0x00000000000cf6db      0x6fe ./Middlewares/ST/STM32_USB_Device_Library/Class/CDC/Src/usbd_cdc.o
                                      0xcd2d8 (size before relaxing)
 .debug_str     0x00000000000cfdd9      0x35c ./Middlewares/ST/STM32_USB_Device_Library/Core/Src/usbd_core.o
                                      0xccc4e (size before relaxing)
 .debug_str     0x00000000000d0135      0x139 ./Middlewares/ST/STM32_USB_Device_Library/Core/Src/usbd_ctlreq.o
                                      0xcca79 (size before relaxing)
 .debug_str     0x00000000000d026e       0x51 ./Middlewares/ST/STM32_USB_Device_Library/Core/Src/usbd_ioreq.o
                                      0xcc94e (size before relaxing)
 .debug_str     0x00000000000d02bf       0xc6 ./USB_DEVICE/App/usb_device.o
                                      0xccd01 (size before relaxing)
 .debug_str     0x00000000000d0385       0x91 ./USB_DEVICE/App/usbd_cdc_if.o
                                      0xccd41 (size before relaxing)
 .debug_str     0x00000000000d0416      0x26e ./USB_DEVICE/App/usbd_desc.o
                                      0xcc84e (size before relaxing)
 .debug_str     0x00000000000d0684       0x68 ./USB_DEVICE/Target/usbd_conf.o
                                      0xcdb26 (size before relaxing)

.debug_frame    0x0000000000000000     0x3380
 .debug_frame   0x0000000000000000      0x100 ./Core/Src/main.o
 .debug_frame   0x0000000000000100       0x7c ./Core/Src/stm32f4xx_hal_msp.o
 .debug_frame   0x000000000000017c      0x13c ./Core/Src/stm32f4xx_it.o
 .debug_frame   0x00000000000002b8       0x58 ./Core/Src/system_stm32f4xx.o
 .debug_frame   0x0000000000000310      0x374 ./Drivers/STM32F4xx_HAL_Driver/Src/stm32f4xx_hal.o
 .debug_frame   0x0000000000000684      0x3fc ./Drivers/STM32F4xx_HAL_Driver/Src/stm32f4xx_hal_adc.o
 .debug_frame   0x0000000000000a80      0x498 ./Drivers/STM32F4xx_HAL_Driver/Src/stm32f4xx_hal_cortex.o
 .debug_frame   0x0000000000000f18      0x250 ./Drivers/STM32F4xx_HAL_Driver/Src/stm32f4xx_hal_dma.o
 .debug_frame   0x0000000000001168      0x14c ./Drivers/STM32F4xx_HAL_Driver/Src/stm32f4xx_hal_gpio.o
 .debug_frame   0x00000000000012b4      0x5bc ./Drivers/STM32F4xx_HAL_Driver/Src/stm32f4xx_hal_pcd.o
 .debug_frame   0x0000000000001870       0xb0 ./Drivers/STM32F4xx_HAL_Driver/Src/stm32f4xx_hal_pcd_ex.o
 .debug_frame   0x0000000000001920      0x1f4 ./Drivers/STM32F4xx_HAL_Driver/Src/stm32f4xx_hal_rcc.o
 .debug_frame   0x0000000000001b14      0x7c0 ./Drivers/STM32F4xx_HAL_Driver/Src/stm32f4xx_ll_usb.o
 .debug_frame   0x00000000000022d4      0x23c ./Middlewares/ST/STM32_USB_Device_Library/Class/CDC/Src/usbd_cdc.o